Archive member included to satisfy reference by file (symbol)

app/libapp.a(main.c.obj)      (--whole-archive)
app/libapp.a(CO_OD.c.obj)     (--whole-archive)
zephyr/libzephyr.a(validate_libc.c.obj)
                              (--whole-archive)
zephyr/libzephyr.a(heap.c.obj)
                              (--whole-archive)
zephyr/libzephyr.a(cbprintf_packaged.c.obj)
                              (--whole-archive)
zephyr/libzephyr.a(clock.c.obj)
                              (--whole-archive)
zephyr/libzephyr.a(printk.c.obj)
                              (--whole-archive)
zephyr/libzephyr.a(sem.c.obj)
                              (--whole-archive)
zephyr/libzephyr.a(thread_entry.c.obj)
                              (--whole-archive)
zephyr/libzephyr.a(cbprintf_complete.c.obj)
                              (--whole-archive)
zephyr/libzephyr.a(assert.c.obj)
                              (--whole-archive)
zephyr/libzephyr.a(mpsc_pbuf.c.obj)
                              (--whole-archive)
zephyr/libzephyr.a(reboot.c.obj)
                              (--whole-archive)
zephyr/libzephyr.a(dec.c.obj)
                              (--whole-archive)
zephyr/libzephyr.a(hex.c.obj)
                              (--whole-archive)
zephyr/libzephyr.a(rb.c.obj)  (--whole-archive)
zephyr/libzephyr.a(set.c.obj)
                              (--whole-archive)
zephyr/libzephyr.a(timeutil.c.obj)
                              (--whole-archive)
zephyr/libzephyr.a(bitarray.c.obj)
                              (--whole-archive)
zephyr/libzephyr.a(bitmask.c.obj)
                              (--whole-archive)
zephyr/libzephyr.a(getopt.c.obj)
                              (--whole-archive)
zephyr/libzephyr.a(getopt_common.c.obj)
                              (--whole-archive)
zephyr/libzephyr.a(ring_buffer.c.obj)
                              (--whole-archive)
zephyr/libzephyr.a(last_section_id.c.obj)
                              (--whole-archive)
zephyr/libzephyr.a(configs.c.obj)
                              (--whole-archive)
zephyr/libzephyr.a(stm32cube_hal.c.obj)
                              (--whole-archive)
zephyr/libzephyr.a(soc_config.c.obj)
                              (--whole-archive)
zephyr/libzephyr.a(gpioport_mgr.c.obj)
                              (--whole-archive)
zephyr/libzephyr.a(stm32_backup_domain.c.obj)
                              (--whole-archive)
zephyr/libzephyr.a(soc.c.obj)
                              (--whole-archive)
zephyr/libzephyr.a(nvs.c.obj)
                              (--whole-archive)
zephyr/libzephyr.a(log_core.c.obj)
                              (--whole-archive)
zephyr/libzephyr.a(log_mgmt.c.obj)
                              (--whole-archive)
zephyr/libzephyr.a(log_cache.c.obj)
                              (--whole-archive)
zephyr/libzephyr.a(log_msg.c.obj)
                              (--whole-archive)
zephyr/libzephyr.a(log_output.c.obj)
                              (--whole-archive)
zephyr/libzephyr.a(log_backend_uart.c.obj)
                              (--whole-archive)
zephyr/libzephyr.a(mem_attr.c.obj)
                              (--whole-archive)
zephyr/libzephyr.a(flash_map.c.obj)
                              (--whole-archive)
zephyr/libzephyr.a(flash_map_default.c.obj)
                              (--whole-archive)
zephyr/libzephyr.a(flash_map_layout.c.obj)
                              (--whole-archive)
zephyr/libzephyr.a(stream_flash.c.obj)
                              (--whole-archive)
zephyr/libzephyr.a(tracing_none.c.obj)
                              (--whole-archive)
zephyr/libzephyr.a(flash_img.c.obj)
                              (--whole-archive)
zephyr/libzephyr.a(settings_store.c.obj)
                              (--whole-archive)
zephyr/libzephyr.a(settings.c.obj)
                              (--whole-archive)
zephyr/libzephyr.a(settings_init.c.obj)
                              (--whole-archive)
zephyr/libzephyr.a(settings_line.c.obj)
                              (--whole-archive)
zephyr/libzephyr.a(settings_nvs.c.obj)
                              (--whole-archive)
zephyr/libzephyr.a(flash_util.c.obj)
                              (--whole-archive)
zephyr/arch/common/libarch__common.a(sw_isr_common.c.obj)
                              (--whole-archive)
zephyr/arch/common/libarch__common.a(init.c.obj)
                              (--whole-archive)
zephyr/arch/common/libarch__common.a(xip.c.obj)
                              (--whole-archive)
zephyr/arch/arch/arm/core/libarch__arm__core.a(fatal.c.obj)
                              (--whole-archive)
zephyr/arch/arch/arm/core/libarch__arm__core.a(nmi.c.obj)
                              (--whole-archive)
zephyr/arch/arch/arm/core/libarch__arm__core.a(nmi_on_reset.S.obj)
                              (--whole-archive)
zephyr/arch/arch/arm/core/libarch__arm__core.a(tls.c.obj)
                              (--whole-archive)
zephyr/arch/arch/arm/core/cortex_m/libarch__arm__core__cortex_m.a(fault.c.obj)
[...]
Memory Configuration

Name             Origin             Length             Attributes
FLASH            0x08010000         0x00030000         xr
RAM              0x20000000         0x00010000         xw
SRAM0            0x20000000         0x00010000         rw
IDT_LIST         0xffff7fff         0x00008000         xw
*default*        0x00000000         0xffffffff

Linker script and memory map

                0x0801b5d8                        vfprintf = __l_vfprintf
                0x00000000                        vfscanf = __l_vfscanf
LOAD zephyr/CMakeFiles/zephyr_final.dir/misc/empty_file.c.obj
LOAD zephyr/CMakeFiles/zephyr_final.dir/isr_tables.c.obj
LOAD zephyr/CMakeFiles/offsets.dir/./arch/arm/core/offsets/offsets.c.obj
LOAD app/libapp.a
LOAD zephyr/libzephyr.a
LOAD zephyr/arch/common/libarch__common.a
LOAD zephyr/arch/arch/arm/core/libarch__arm__core.a
LOAD zephyr/arch/arch/arm/core/cortex_m/libarch__arm__core__cortex_m.a
LOAD zephyr/arch/arch/arm/core/mpu/libarch__arm__core__mpu.a
LOAD zephyr/lib/libc/picolibc/liblib__libc__picolibc.a
LOAD zephyr/lib/libc/common/liblib__libc__common.a
LOAD zephyr/lib/posix/c_lib_ext/liblib__posix__c_lib_ext.a
LOAD zephyr/subsys/crc/libsubsys__crc.a
LOAD zephyr/subsys/dfu/boot/libsubsys__dfu__boot.a
LOAD zephyr/drivers/interrupt_controller/libdrivers__interrupt_controller.a
LOAD zephyr/drivers/adc/libdrivers__adc.a
LOAD zephyr/drivers/can/libdrivers__can.a
LOAD zephyr/drivers/clock_control/libdrivers__clock_control.a
LOAD zephyr/drivers/console/libdrivers__console.a
LOAD zephyr/drivers/flash/libdrivers__flash.a
LOAD zephyr/drivers/gpio/libdrivers__gpio.a
LOAD zephyr/drivers/pinctrl/libdrivers__pinctrl.a
LOAD zephyr/drivers/reset/libdrivers__reset.a
LOAD zephyr/drivers/sensor/maxim/ds18b20/libdrivers__sensor__maxim__ds18b20.a
LOAD zephyr/drivers/sensor/hc_sr04/libdrivers__sensor__hc_sr04.a
LOAD zephyr/drivers/serial/libdrivers__serial.a
LOAD zephyr/drivers/spi/libdrivers__spi.a
LOAD zephyr/drivers/timer/libdrivers__timer.a
LOAD zephyr/drivers/w1/libdrivers__w1.a
LOAD modules/canopennodezephyr/lib..__canopennodezephyr.a
LOAD modules/hal_stm32/stm32cube/lib..__modules__hal__stm32__stm32cube.a
LOAD modules/mcuboot/libmcuboot_util.a
LOAD zephyr/kernel/libkernel.a
LOAD zephyr/arch/common/libisr_tables.a
LOAD /opt/zephyr-sdk-1.0.1/gnu/arm-zephyr-eabi/bin/../lib/gcc/arm-zephyr-eabi/14.3.0/../../../../arm-zephyr-eabi/lib/thumb/v7e-m/nofp/space/libc.a
LOAD /opt/zephyr-sdk-1.0.1/gnu/arm-zephyr-eabi/bin/../lib/gcc/arm-zephyr-eabi/14.3.0/thumb/v7e-m/nofp/space/libgcc.a
                0x00000020                        _region_min_align = 0x20

.rel.plt        0x08010000        0x0
 *(SORT_BY_ALIGNMENT(.rel.plt))
                [!provide]                        PROVIDE (__rel_iplt_start = .)
 *(SORT_BY_ALIGNMENT(.rel.iplt))
 .rel.iplt      0x08010000        0x0 zephyr/CMakeFiles/zephyr_final.dir/isr_tables.c.obj
                [!provide]                        PROVIDE (__rel_iplt_end = .)

.rela.plt       0x00000000        0x0
 *(SORT_BY_ALIGNMENT(.rela.plt))
                [!provide]                        PROVIDE (__rela_iplt_start = .)
 *(SORT_BY_ALIGNMENT(.rela.iplt))
                [!provide]                        PROVIDE (__rela_iplt_end = .)

.rel.dyn
 *(SORT_BY_ALIGNMENT(.rel.*))

.rela.dyn
 *(SORT_BY_ALIGNMENT(.rela.*))

/DISCARD/
 *(SORT_BY_ALIGNMENT(.plt))

/DISCARD/
 *(SORT_BY_ALIGNMENT(.iplt))
                0x08010000                        __rom_region_start = 0x8010000

rom_start       0x08010000      0x2e8
                0x08010000                        __rom_start_address = .
 FILL mask 0x00
                0x08010200                        . = (. + (0x200 - (. - __rom_start_address)))
 *fill*         0x08010000      0x200 00
                0x08010200                        . = ALIGN (0x4)
                0x08010200                        . = ALIGN (0x80)
                0x08010200                        . = ALIGN (0x100)
                0x08010200                        _vector_start = .
 *(SORT_BY_ALIGNMENT(.exc_vector_table))
 *(SORT_BY_ALIGNMENT(.exc_vector_table.*))
 .exc_vector_table._vector_table_section
                0x08010200       0x40 zephyr/arch/arch/arm/core/cortex_m/libarch__arm__core__cortex_m.a(vector_table.S.obj)
                0x08010200                _vector_table
 *(SORT_BY_ALIGNMENT(.vectors))
                0x080102e8                        _vector_end = .
                0x08010240                        . = ALIGN (0x4)
 *(SORT_BY_ALIGNMENT(.gnu.linkonce.irq_vector_table*))
 .gnu.linkonce.irq_vector_table
                0x08010240       0xa8 zephyr/CMakeFiles/zephyr_final.dir/isr_tables.c.obj
                0x08010240                _irq_vector_table
                0x080102e8                        _vector_end = .

text            0x080102e8     0xfe30
                0x080102e8                        __text_region_start = .
 *(SORT_BY_ALIGNMENT(.text))
 .text          0x080102e8       0xa0 /opt/zephyr-sdk-1.0.1/gnu/arm-zephyr-eabi/bin/../lib/gcc/arm-zephyr-eabi/14.3.0/thumb/v7e-m/nofp/space/libgcc.a(_aeabi_ldivmod.o)
                0x080102e8                __aeabi_ldivmod
 .text          0x08010388       0x30 /opt/zephyr-sdk-1.0.1/gnu/arm-zephyr-eabi/bin/../lib/gcc/arm-zephyr-eabi/14.3.0/thumb/v7e-m/nofp/space/libgcc.a(_aeabi_uldivmod.o)
                0x08010388                __aeabi_uldivmod
 .text          0x080103b8        0x4 /opt/zephyr-sdk-1.0.1/gnu/arm-zephyr-eabi/bin/../lib/gcc/arm-zephyr-eabi/14.3.0/thumb/v7e-m/nofp/space/libgcc.a(_dvmd_tls.o)
                0x080103b8                __aeabi_ldiv0
                0x080103b8                __aeabi_idiv0
 .text          0x080103bc       0x14 /opt/zephyr-sdk-1.0.1/gnu/arm-zephyr-eabi/bin/../lib/gcc/arm-zephyr-eabi/14.3.0/../../../../arm-zephyr-eabi/lib/thumb/v7e-m/nofp/space/libc.a(strcmp.S.o)
                0x080103bc                strcmp
 .text          0x080103d0       0x10 /opt/zephyr-sdk-1.0.1/gnu/arm-zephyr-eabi/bin/../lib/gcc/arm-zephyr-eabi/14.3.0/../../../../arm-zephyr-eabi/lib/thumb/v7e-m/nofp/space/libc.a(strlen.S.o)
                0x080103d0                strlen
 .text          0x080103e0       0x26 /opt/zephyr-sdk-1.0.1/gnu/arm-zephyr-eabi/bin/../lib/gcc/arm-zephyr-eabi/14.3.0/thumb/v7e-m/nofp/space/libgcc.a(_popcountsi2.o)
                0x080103e0                __popcountsi2
 .text          0x08010406      0x2bc /opt/zephyr-sdk-1.0.1/gnu/arm-zephyr-eabi/bin/../lib/gcc/arm-zephyr-eabi/14.3.0/thumb/v7e-m/nofp/space/libgcc.a(_udivmoddi4.o)
                0x08010406                __udivmoddi4
 *(SORT_BY_ALIGNMENT(.text.*))
 *fill*         0x080106c2        0x6 
 .text.canopen_sync_thread
                0x080106c8       0xcc modules/canopennodezephyr/lib..__canopennodezephyr.a(canopen_sync.c.obj)
 .text.us_pressure_func
                0x08010794      0x118 app/libapp.a(main.c.obj)
                0x08010794                us_pressure_func
 .text.us_ultrasonic_func
                0x080108ac      0x110 app/libapp.a(main.c.obj)
                0x080108ac                us_ultrasonic_func
 .text.us_temperature_func
                0x080109bc      0x1d4 app/libapp.a(main.c.obj)
                0x080109bc                us_temperature_func
 .text.pressure_enable
                0x08010b90       0xa4 app/libapp.a(main.c.obj)
                0x08010b90                pressure_enable
 .text.ultrasonic_enable
                0x08010c34       0xa4 app/libapp.a(main.c.obj)
                0x08010c34                ultrasonic_enable
 .text.temperature_enable
                0x08010cd8       0xa4 app/libapp.a(main.c.obj)
                0x08010cd8                temperature_enable
 .text.main     0x08010d7c      0x3d8 app/libapp.a(main.c.obj)
                0x08010d7c                main
 .text.cbvprintf_package
                0x08011154      0x368 zephyr/libzephyr.a(cbprintf_packaged.c.obj)
                0x08011154                cbvprintf_package
 .text.cbprintf_package_convert
                0x080114bc      0x3c8 zephyr/libzephyr.a(cbprintf_packaged.c.obj)
                0x080114bc                cbprintf_package_convert
 .text.__printk_hook_install
                0x08011884        0xc zephyr/libzephyr.a(printk.c.obj)
                0x08011884                __printk_hook_install
 .text.z_thread_entry
                0x08011890       0x34 zephyr/libzephyr.a(thread_entry.c.obj)
                0x08011890                z_thread_entry
 .text.sys_reboot
                0x080118c4       0x2c zephyr/libzephyr.a(reboot.c.obj)
                0x080118c4                sys_reboot
 .text.st_stm32_common_config
                0x080118f0       0x14 zephyr/libzephyr.a(soc_config.c.obj)
 .text.stm32_gpioport_init
                0x08011904       0x20 zephyr/libzephyr.a(gpioport_mgr.c.obj)
 .text.stm32_gpioport_get
                0x08011924       0x24 zephyr/libzephyr.a(gpioport_mgr.c.obj)
                0x08011924                stm32_gpioport_get
 .text.soc_early_init_hook
                0x08011948       0x30 zephyr/libzephyr.a(soc.c.obj)
                0x08011948                soc_early_init_hook
 .text.nvs_sector_close.isra.0
                0x08011978       0x58 zephyr/libzephyr.a(nvs.c.obj)
 .text.nvs_recover_last_ate
                0x080119d0       0x64 zephyr/libzephyr.a(nvs.c.obj)
 .text.nvs_mount
                0x08011a34      0x354 zephyr/libzephyr.a(nvs.c.obj)
                0x08011a34                nvs_mount
 .text.nvs_write
                0x08011d88      0x1c8 zephyr/libzephyr.a(nvs.c.obj)
                0x08011d88                nvs_write
 .text.nvs_read_hist
                0x08011f50       0xc0 zephyr/libzephyr.a(nvs.c.obj)
                0x08011f50                nvs_read_hist
 .text.activate_foreach_backend
                0x08012010       0x60 zephyr/libzephyr.a(log_core.c.obj)
 .text.enable_logger
                0x08012070       0x58 zephyr/libzephyr.a(log_core.c.obj)
 .text.log_process_thread_timer_expiry_fn
                0x080120c8        0xc zephyr/libzephyr.a(log_core.c.obj)
 .text.z_log_init
                0x080120d4       0x94 zephyr/libzephyr.a(log_core.c.obj)
 .text.log_format_func_t_get
                0x08012168        0xc zephyr/libzephyr.a(log_core.c.obj)
                0x08012168                log_format_func_t_get
 .text.log_set_timestamp_func
                0x08012174       0x20 zephyr/libzephyr.a(log_core.c.obj)
                0x08012174                log_set_timestamp_func
 .text.z_log_notify_backend_enabled
                0x08012194       0x1c zephyr/libzephyr.a(log_core.c.obj)
                0x08012194                z_log_notify_backend_enabled
 .text.z_log_dropped
                0x080121b0       0x44 zephyr/libzephyr.a(log_core.c.obj)
                0x080121b0                z_log_dropped
 .text.z_log_dropped_read_and_clear
                0x080121f4       0x20 zephyr/libzephyr.a(log_core.c.obj)
                0x080121f4                z_log_dropped_read_and_clear
 .text.dropped_notify
                0x08012214       0x30 zephyr/libzephyr.a(log_core.c.obj)
                0x08012214                dropped_notify
 .text.z_log_msg_init
                0x08012244       0x20 zephyr/libzephyr.a(log_core.c.obj)
                0x08012244                z_log_msg_init
 .text.log_core_init
                0x08012264       0x50 zephyr/libzephyr.a(log_core.c.obj)
                0x08012264                log_core_init
 .text.z_log_msg_alloc
                0x080122b4       0x10 zephyr/libzephyr.a(log_core.c.obj)
                0x080122b4                z_log_msg_alloc
 .text.z_log_msg_local_claim
                0x080122c4        0xc zephyr/libzephyr.a(log_core.c.obj)
                0x080122c4                z_log_msg_local_claim
 .text.z_log_msg_free
                0x080122d0       0x10 zephyr/libzephyr.a(log_core.c.obj)
                0x080122d0                z_log_msg_free
 .text.z_log_msg_pending
                0x080122e0        0xc zephyr/libzephyr.a(log_core.c.obj)
                0x080122e0                z_log_msg_pending
 .text.z_impl_log_process
                0x080122ec       0xb8 zephyr/libzephyr.a(log_core.c.obj)
                0x080122ec                z_impl_log_process
 .text.z_impl_log_panic
                0x080123a4       0x44 zephyr/libzephyr.a(log_core.c.obj)
                0x080123a4                z_impl_log_panic
 .text.log_process_thread_func
                0x080123e8       0xa0 zephyr/libzephyr.a(log_core.c.obj)
 .text.z_log_msg_post_finalize
                0x08012488       0x78 zephyr/libzephyr.a(log_core.c.obj)
 .text.z_log_msg_commit
                0x08012500       0x24 zephyr/libzephyr.a(log_core.c.obj)
                0x08012500                z_log_msg_commit
 .text.log_source_name_get
                0x08012524       0x1c zephyr/libzephyr.a(log_mgmt.c.obj)
                0x08012524                log_source_name_get
 .text.z_impl_z_log_msg_static_create
                0x08012540      0x100 zephyr/libzephyr.a(log_msg.c.obj)
                0x08012540                z_impl_z_log_msg_static_create
 .text.z_log_msg_runtime_vcreate
                0x08012640       0xa4 zephyr/libzephyr.a(log_msg.c.obj)
                0x08012640                z_log_msg_runtime_vcreate
 .text.log_msg_get_source_id
                0x080126e4       0x18 zephyr/libzephyr.a(log_msg.c.obj)
                0x080126e4                log_msg_get_source_id
 .text.print_formatted
                0x080126fc       0x24 zephyr/libzephyr.a(log_output.c.obj)
 .text.newline_print
                0x08012720       0x1c zephyr/libzephyr.a(log_output.c.obj)
 .text.log_output_process
                0x0801273c      0x26c zephyr/libzephyr.a(log_output.c.obj)
                0x0801273c                log_output_process
 .text.log_output_dropped_process
                0x080129a8       0x58 zephyr/libzephyr.a(log_output.c.obj)
                0x080129a8                log_output_dropped_process
 .text.log_output_timestamp_freq_set
                0x08012a00       0x2c zephyr/libzephyr.a(log_output.c.obj)
                0x08012a00                log_output_timestamp_freq_set
 .text.char_out
                0x08012a2c       0x24 zephyr/libzephyr.a(log_backend_uart.c.obj)
 .text.mem_attr_get_regions
                0x08012a50        0xc zephyr/libzephyr.a(mem_attr.c.obj)
                0x08012a50                mem_attr_get_regions
 .text.flash_area_open
                0x08012a5c       0x4c zephyr/libzephyr.a(flash_map.c.obj)
                0x08012a5c                flash_area_open
 .text.flash_area_sectors
                0x08012aa8       0x34 zephyr/libzephyr.a(flash_map_layout.c.obj)
                0x08012aa8                flash_area_sectors
 .text.flash_sync
                0x08012adc       0xb8 zephyr/libzephyr.a(stream_flash.c.obj)
 .text.find_flash_total_size.part.0
                0x08012b94       0x1c zephyr/libzephyr.a(stream_flash.c.obj)
 .text.stream_flash_init
                0x08012bb0       0xcc zephyr/libzephyr.a(stream_flash.c.obj)
                0x08012bb0                stream_flash_init
 .text.flash_img_init_id
                0x08012c7c      0x120 zephyr/libzephyr.a(flash_img.c.obj)
                0x08012c7c                flash_img_init_id
 .text.settings_save_one
                0x08012d9c       0x3c zephyr/libzephyr.a(settings_store.c.obj)
                0x08012d9c                settings_save_one
 .text.settings_src_register
                0x08012dd8       0x1c zephyr/libzephyr.a(settings_store.c.obj)
                0x08012dd8                settings_src_register
 .text.settings_dst_register
                0x08012df4        0xc zephyr/libzephyr.a(settings_store.c.obj)
                0x08012df4                settings_dst_register
 .text.settings_load_subtree
                0x08012e00       0x3c zephyr/libzephyr.a(settings_store.c.obj)
                0x08012e00                settings_load_subtree
 .text.settings_store_init
                0x08012e3c       0x10 zephyr/libzephyr.a(settings_store.c.obj)
                0x08012e3c                settings_store_init
 .text.settings_init
                0x08012e4c       0x10 zephyr/libzephyr.a(settings.c.obj)
                0x08012e4c                settings_init
 .text.settings_parse_and_lookup
                0x08012e5c       0x98 zephyr/libzephyr.a(settings.c.obj)
                0x08012e5c                settings_parse_and_lookup
 .text.settings_call_set_handler
                0x08012ef4       0xcc zephyr/libzephyr.a(settings.c.obj)
                0x08012ef4                settings_call_set_handler
 .text.settings_commit_subtree
                0x08012fc0       0xbc zephyr/libzephyr.a(settings.c.obj)
                0x08012fc0                settings_commit_subtree
 .text.settings_lock_take
                0x0801307c       0x14 zephyr/libzephyr.a(settings.c.obj)
                0x0801307c                settings_lock_take
 .text.settings_lock_release
                0x08013090        0xc zephyr/libzephyr.a(settings.c.obj)
                0x08013090                settings_lock_release
 .text.settings_subsys_init
                0x0801309c       0x2c zephyr/libzephyr.a(settings_init.c.obj)
                0x0801309c                settings_subsys_init
 .text.settings_nvs_load
                0x080130c8       0xb8 zephyr/libzephyr.a(settings_nvs.c.obj)
 .text.settings_nvs_backend_init.part.0
                0x08013180       0x34 zephyr/libzephyr.a(settings_nvs.c.obj)
 .text.settings_backend_init
                0x080131b4       0x84 zephyr/libzephyr.a(settings_nvs.c.obj)
                0x080131b4                settings_backend_init
 .text.arch_bss_zero
                0x08013238       0x18 zephyr/arch/common/libarch__common.a(init.c.obj)
                0x08013238                arch_bss_zero
 .text.arch_data_copy
                0x08013250       0x38 zephyr/arch/common/libarch__common.a(xip.c.obj)
                0x08013250                arch_data_copy
 .text.z_arm_fatal_error
                0x08013288       0xb8 zephyr/arch/arch/arm/core/libarch__arm__core.a(fatal.c.obj)
                0x08013288                z_arm_fatal_error
 .text.z_SysNmiOnReset
                0x08013340        0x8 zephyr/arch/arch/arm/core/libarch__arm__core.a(nmi_on_reset.S.obj)
                0x08013340                z_SysNmiOnReset
 .text.arch_tls_stack_setup
                0x08013348       0x40 zephyr/arch/arch/arm/core/libarch__arm__core.a(tls.c.obj)
                0x08013348                arch_tls_stack_setup
 .text.usage_fault.isra.0
                0x08013388       0xa8 zephyr/arch/arch/arm/core/cortex_m/libarch__arm__core__cortex_m.a(fault.c.obj)
 .text.bus_fault.isra.0
                0x08013430       0xd0 zephyr/arch/arch/arm/core/cortex_m/libarch__arm__core__cortex_m.a(fault.c.obj)
 .text.mem_manage_fault
                0x08013500      0x104 zephyr/arch/arch/arm/core/cortex_m/libarch__arm__core__cortex_m.a(fault.c.obj)
 .text.z_arm_fault
                0x08013604      0x1dc zephyr/arch/arch/arm/core/cortex_m/libarch__arm__core__cortex_m.a(fault.c.obj)
                0x08013604                z_arm_fault
 .text.z_arm_fault_init
                0x080137e0       0x18 zephyr/arch/arch/arm/core/cortex_m/libarch__arm__core__cortex_m.a(fault.c.obj)
                0x080137e0                z_arm_fault_init
 .text.__fault  0x080137f8       0x14 zephyr/arch/arch/arm/core/cortex_m/libarch__arm__core__cortex_m.a(fault_s.S.obj)
                0x080137f8                z_arm_bus_fault
                0x080137f8                z_arm_usage_fault
                0x080137f8                z_arm_mpu_fault
                0x080137f8                z_arm_exc_spurious
                0x080137f8                z_arm_debug_monitor
                0x080137f8                z_arm_hard_fault
 .text._reset_section
                0x0801380c       0x50 zephyr/arch/arch/arm/core/cortex_m/libarch__arm__core__cortex_m.a(reset.S.obj)
                0x0801380c                z_arm_reset
                0x0801380c                __start
 .text.sys_arch_reboot
                0x0801385c       0x24 zephyr/arch/arch/arm/core/cortex_m/libarch__arm__core__cortex_m.a(scb.c.obj)
                0x0801385c                sys_arch_reboot
 .text.z_arm_clear_arm_mpu_config
                0x08013880       0x24 zephyr/arch/arch/arm/core/cortex_m/libarch__arm__core__cortex_m.a(scb.c.obj)
                0x08013880                z_arm_clear_arm_mpu_config
 .text.z_arm_init_arch_hw_at_boot
                0x080138a4       0x64 zephyr/arch/arch/arm/core/cortex_m/libarch__arm__core__cortex_m.a(scb.c.obj)
                0x080138a4                z_arm_init_arch_hw_at_boot
 .text.z_arm_svc
                0x08013908       0x24 zephyr/arch/arch/arm/core/cortex_m/libarch__arm__core__cortex_m.a(svc.S.obj)
                0x08013908                z_arm_svc
 .text.arm_irq_enable
                0x0801392c       0x1c zephyr/arch/arch/arm/core/cortex_m/libarch__arm__core__cortex_m.a(irq_manage.c.obj)
                0x0801392c                arm_irq_enable
 .text.arm_irq_priority_set
                0x08013948       0x30 zephyr/arch/arch/arm/core/cortex_m/libarch__arm__core__cortex_m.a(irq_manage.c.obj)
                0x08013948                arm_irq_priority_set
 .text.relocate_vector_table
                0x08013978       0x1c zephyr/arch/arch/arm/core/cortex_m/libarch__arm__core__cortex_m.a(prep_c.c.obj)
                0x08013978                relocate_vector_table
 .text.z_prep_c
                0x08013994       0x28 zephyr/arch/arch/arm/core/cortex_m/libarch__arm__core__cortex_m.a(prep_c.c.obj)
                0x08013994                z_prep_c
 .text.arch_new_thread
                0x080139bc       0x38 zephyr/arch/arch/arm/core/cortex_m/libarch__arm__core__cortex_m.a(thread.c.obj)
                0x080139bc                arch_new_thread
 .text.z_check_thread_stack_fail
                0x080139f4       0x2c zephyr/arch/arch/arm/core/cortex_m/libarch__arm__core__cortex_m.a(thread.c.obj)
                0x080139f4                z_check_thread_stack_fail
 .text.arch_switch_to_main_thread
                0x08013a20       0x3c zephyr/arch/arch/arm/core/cortex_m/libarch__arm__core__cortex_m.a(thread.c.obj)
                0x08013a20                arch_switch_to_main_thread
 .text.z_arm_cpu_idle_init
                0x08013a5c        0xc zephyr/arch/arch/arm/core/cortex_m/libarch__arm__core__cortex_m.a(cpu_idle.c.obj)
                0x08013a5c                z_arm_cpu_idle_init
 .text._HandlerModeExit
                0x08013a68       0x20 zephyr/arch/arch/arm/core/cortex_m/libarch__arm__core__cortex_m.a(exc_exit.c.obj)
                0x08013a68                z_arm_exc_exit
                0x08013a68                z_arm_int_exit
 .text.z_impl_k_thread_abort
                0x08013a88       0x2c zephyr/arch/arch/arm/core/cortex_m/libarch__arm__core__cortex_m.a(thread_abort.c.obj)
                0x08013a88                z_impl_k_thread_abort
 .text.z_arm_pendsv
                0x08013ab4       0x60 zephyr/arch/arch/arm/core/cortex_m/libarch__arm__core__cortex_m.a(swap_helper.S.obj)
                0x08013ab4                z_arm_pendsv
 .text.z_arm_interrupt_init
                0x08013b14       0x18 zephyr/arch/arch/arm/core/cortex_m/libarch__arm__core__cortex_m.a(irq_init.c.obj)
                0x08013b14                z_arm_interrupt_init
 .text._isr_wrapper
                0x08013b2c       0x24 zephyr/arch/arch/arm/core/cortex_m/libarch__arm__core__cortex_m.a(isr_wrapper.c.obj)
                0x08013b2c                _isr_wrapper
 .text.__aeabi_read_tp
                0x08013b50        0xc zephyr/arch/arch/arm/core/cortex_m/libarch__arm__core__cortex_m.a(__aeabi_read_tp.S.obj)
                0x08013b50                __aeabi_read_tp
 .text.z_arm_configure_static_mpu_regions
                0x08013b5c       0x18 zephyr/arch/arch/arm/core/mpu/libarch__arm__core__mpu.a(arm_core_mpu.c.obj)
                0x08013b5c                z_arm_configure_static_mpu_regions
 .text.z_arm_configure_dynamic_mpu_regions
                0x08013b74       0x20 zephyr/arch/arch/arm/core/mpu/libarch__arm__core__mpu.a(arm_core_mpu.c.obj)
                0x08013b74                z_arm_configure_dynamic_mpu_regions
 .text.region_allocate_and_init
                0x08013b94       0x54 zephyr/arch/arch/arm/core/mpu/libarch__arm__core__mpu.a(arm_mpu.c.obj)
 .text.mpu_configure_regions
                0x08013be8       0x68 zephyr/arch/arch/arm/core/mpu/libarch__arm__core__mpu.a(arm_mpu.c.obj)
 .text.arm_core_mpu_enable
                0x08013c50       0x18 zephyr/arch/arch/arm/core/mpu/libarch__arm__core__mpu.a(arm_mpu.c.obj)
                0x08013c50                arm_core_mpu_enable
 .text.arm_core_mpu_disable
                0x08013c68       0x14 zephyr/arch/arch/arm/core/mpu/libarch__arm__core__mpu.a(arm_mpu.c.obj)
                0x08013c68                arm_core_mpu_disable
 .text.arm_core_mpu_configure_static_mpu_regions
                0x08013c7c       0x14 zephyr/arch/arch/arm/core/mpu/libarch__arm__core__mpu.a(arm_mpu.c.obj)
                0x08013c7c                arm_core_mpu_configure_static_mpu_regions
 .text.arm_core_mpu_configure_dynamic_mpu_regions
                0x08013c90       0x38 zephyr/arch/arch/arm/core/mpu/libarch__arm__core__mpu.a(arm_mpu.c.obj)
                0x08013c90                arm_core_mpu_configure_dynamic_mpu_regions
 .text.z_arm_mpu_init
                0x08013cc8      0x194 zephyr/arch/arch/arm/core/mpu/libarch__arm__core__mpu.a(arm_mpu.c.obj)
                0x08013cc8                z_arm_mpu_init
 .text.cbvprintf
                0x08013e5c       0x38 zephyr/lib/libc/picolibc/liblib__libc__picolibc.a(cbprintf.c.obj)
                0x08013e5c                cbvprintf
 .text.z_impl_zephyr_fputc
                0x08013e94       0x10 zephyr/lib/libc/picolibc/liblib__libc__picolibc.a(stdio.c.obj)
                0x08013e94                z_impl_zephyr_fputc
 .text.__stdout_hook_install
                0x08013ea4       0x18 zephyr/lib/libc/picolibc/liblib__libc__picolibc.a(stdio.c.obj)
                0x08013ea4                __stdout_hook_install
 .text.abort    0x08013ebc       0x1c zephyr/lib/libc/common/liblib__libc__common.a(abort.c.obj)
                0x08013ebc                abort
 .text.malloc_prepare
                0x08013ed8       0x24 zephyr/lib/libc/common/liblib__libc__common.a(malloc.c.obj)
 .text.crc8_ccitt
                0x08013efc       0x2c zephyr/subsys/crc/libsubsys__crc.a(crc8_sw.c.obj)
                0x08013efc                crc8_ccitt
 .text.crc32_ieee_update
                0x08013f28       0x3c zephyr/subsys/crc/libsubsys__crc.a(crc32_sw.c.obj)
                0x08013f28                crc32_ieee_update
 .text.boot_get_image_start_offset
                0x08013f64       0x74 zephyr/subsys/dfu/boot/libsubsys__dfu__boot.a(mcuboot.c.obj)
                0x08013f64                boot_get_image_start_offset
 .text.boot_read_bank_header
                0x08013fd8       0x6c zephyr/subsys/dfu/boot/libsubsys__dfu__boot.a(mcuboot.c.obj)
                0x08013fd8                boot_read_bank_header
 .text.stm32_exti_init
                0x08014044       0x2c zephyr/drivers/interrupt_controller/libdrivers__interrupt_controller.a(intc_exti_stm32.c.obj)
 .text.stm32_exti_is_pending
                0x08014070       0x40 zephyr/drivers/interrupt_controller/libdrivers__interrupt_controller.a(intc_exti_stm32.c.obj)
                0x08014070                stm32_exti_is_pending
 .text.stm32_exti_clear_pending
                0x080140b0       0x3c zephyr/drivers/interrupt_controller/libdrivers__interrupt_controller.a(intc_exti_stm32.c.obj)
                0x080140b0                stm32_exti_clear_pending
 .text.stm32_fill_irq_table
                0x080140ec       0x18 zephyr/drivers/interrupt_controller/libdrivers__interrupt_controller.a(intc_gpio_stm32.c.obj)
 .text.stm32_intc_gpio_isr
                0x08014104       0x4c zephyr/drivers/interrupt_controller/libdrivers__interrupt_controller.a(intc_gpio_stm32.c.obj)
 .text.stm32_gpio_intc_enable_line
                0x08014150       0x2c zephyr/drivers/interrupt_controller/libdrivers__interrupt_controller.a(intc_gpio_stm32.c.obj)
                0x08014150                stm32_gpio_intc_enable_line
 .text.stm32_gpio_intc_disable_line
                0x0801417c       0x10 zephyr/drivers/interrupt_controller/libdrivers__interrupt_controller.a(intc_gpio_stm32.c.obj)
                0x0801417c                stm32_gpio_intc_disable_line
 .text.stm32_gpio_intc_select_line_trigger
                0x0801418c       0x50 zephyr/drivers/interrupt_controller/libdrivers__interrupt_controller.a(intc_gpio_stm32.c.obj)
                0x0801418c                stm32_gpio_intc_select_line_trigger
 .text.stm32_gpio_intc_set_irq_callback
                0x080141dc       0x40 zephyr/drivers/interrupt_controller/libdrivers__interrupt_controller.a(intc_gpio_stm32.c.obj)
                0x080141dc                stm32_gpio_intc_set_irq_callback
 .text.stm32_gpio_intc_remove_irq_callback
                0x0801421c       0x24 zephyr/drivers/interrupt_controller/libdrivers__interrupt_controller.a(intc_gpio_stm32.c.obj)
                0x0801421c                stm32_gpio_intc_remove_irq_callback
 .text.stm32_exti_get_line_src_port
                0x08014240       0x34 zephyr/drivers/interrupt_controller/libdrivers__interrupt_controller.a(intc_gpio_stm32.c.obj)
                0x08014240                stm32_exti_get_line_src_port
 .text.adc_stm32_isr_18
                0x08014274       0xe4 zephyr/drivers/adc/libdrivers__adc.a(adc_stm32.c.obj)
 .text.adc_stm32_calibrate
                0x08014358       0x7c zephyr/drivers/adc/libdrivers__adc.a(adc_stm32.c.obj)
 .text.adc_stm32_channel_setup
                0x080143d4      0x1a4 zephyr/drivers/adc/libdrivers__adc.a(adc_stm32.c.obj)
 .text.adc_stm32_init
                0x08014578      0x128 zephyr/drivers/adc/libdrivers__adc.a(adc_stm32.c.obj)
 .text.adc_stm32_read_sync
                0x080146a0      0x31c zephyr/drivers/adc/libdrivers__adc.a(adc_stm32.c.obj)
 .text.z_impl_can_send
                0x080149bc       0xe0 zephyr/drivers/can/libdrivers__can.a(can_common.c.obj)
                0x080149bc                z_impl_can_send
 .text.can_add_rx_filter
                0x08014a9c       0x90 zephyr/drivers/can/libdrivers__can.a(can_common.c.obj)
                0x08014a9c                can_add_rx_filter
 .text.z_impl_can_calc_timing
                0x08014b2c      0x1d0 zephyr/drivers/can/libdrivers__can.a(can_common.c.obj)
                0x08014b2c                z_impl_can_calc_timing
 .text.z_impl_can_set_bitrate
                0x08014cfc       0x6c zephyr/drivers/can/libdrivers__can.a(can_common.c.obj)
                0x08014cfc                z_impl_can_set_bitrate
 .text.can_stm32_enter_init_mode
                0x08014d68       0x3c zephyr/drivers/can/libdrivers__can.a(can_stm32_bxcan.c.obj)
 .text.can_stm32_set_timing
                0x08014da4       0x70 zephyr/drivers/can/libdrivers__can.a(can_stm32_bxcan.c.obj)
 .text.can_stm32_get_core_clock
                0x08014e14       0x38 zephyr/drivers/can/libdrivers__can.a(can_stm32_bxcan.c.obj)
 .text.can_stm32_remove_rx_filter
                0x08014e4c      0x118 zephyr/drivers/can/libdrivers__can.a(can_stm32_bxcan.c.obj)
 .text.can_stm32_set_mode
                0x08014f64       0x84 zephyr/drivers/can/libdrivers__can.a(can_stm32_bxcan.c.obj)
 .text.can_stm32_add_rx_filter
                0x08014fe8      0x15c zephyr/drivers/can/libdrivers__can.a(can_stm32_bxcan.c.obj)
 .text.can_stm32_send
                0x08015144      0x148 zephyr/drivers/can/libdrivers__can.a(can_stm32_bxcan.c.obj)
 .text.can_stm32_rx_isr
                0x0801528c       0xc8 zephyr/drivers/can/libdrivers__can.a(can_stm32_bxcan.c.obj)
 .text.can_stm32_init
                0x08015354      0x1a8 zephyr/drivers/can/libdrivers__can.a(can_stm32_bxcan.c.obj)
 .text.can_stm32_stop
                0x080154fc       0xb8 zephyr/drivers/can/libdrivers__can.a(can_stm32_bxcan.c.obj)
 .text.can_stm32_start
                0x080155b4       0xb0 zephyr/drivers/can/libdrivers__can.a(can_stm32_bxcan.c.obj)
 .text.LL_RCC_HSI_IsReady
                0x08015664       0x10 zephyr/drivers/clock_control/libdrivers__clock_control.a(clock_stm32_ll_common.c.obj)
 .text.stm32_clock_control_get_subsys_rate
                0x08015674       0xd0 zephyr/drivers/clock_control/libdrivers__clock_control.a(clock_stm32_ll_common.c.obj)
 .text.stm32_clock_control_init
                0x08015744      0x130 zephyr/drivers/clock_control/libdrivers__clock_control.a(clock_stm32_ll_common.c.obj)
                0x08015744                stm32_clock_control_init
 .text.get_pllsrc_frequency
                0x08015874        0x8 zephyr/drivers/clock_control/libdrivers__clock_control.a(clock_stm32l4_l5_wb_wl.c.obj)
                0x08015874                get_pllsrc_frequency
 .text.config_pll_sysclock
                0x0801587c       0x5c zephyr/drivers/clock_control/libdrivers__clock_control.a(clock_stm32l4_l5_wb_wl.c.obj)
                0x0801587c                config_pll_sysclock
 .text.config_enable_default_clocks
                0x080158d8       0x20 zephyr/drivers/clock_control/libdrivers__clock_control.a(clock_stm32l4_l5_wb_wl.c.obj)
                0x080158d8                config_enable_default_clocks
 .text.uart_console_init
                0x080158f8       0x28 zephyr/drivers/console/libdrivers__console.a(uart_console.c.obj)
 .text.console_out
                0x08015920       0x28 zephyr/drivers/console/libdrivers__console.a(uart_console.c.obj)
 .text.flash_nor_get_parameters
                0x08015948        0x8 zephyr/drivers/flash/libdrivers__flash.a(spi_nor.c.obj)
 .text.spi_nor_erase
                0x08015950       0xf8 zephyr/drivers/flash/libdrivers__flash.a(spi_nor.c.obj)
 .text.spi_nor_init
                0x08015a48      0x2b8 zephyr/drivers/flash/libdrivers__flash.a(spi_nor.c.obj)
 .text.flash_stm32_get_parameters
                0x08015d00        0x8 zephyr/drivers/flash/libdrivers__flash.a(flash_stm32.c.obj)
 .text.flash_stm32_get_size
                0x08015d08       0x18 zephyr/drivers/flash/libdrivers__flash.a(flash_stm32.c.obj)
 .text.stm32_flash_init.part.0
                0x08015d20       0x1c zephyr/drivers/flash/libdrivers__flash.a(flash_stm32.c.obj)
 .text.flash_stm32_read.part.0
                0x08015d3c       0x24 zephyr/drivers/flash/libdrivers__flash.a(flash_stm32.c.obj)
 .text.stm32_flash_init
                0x08015d60       0x3c zephyr/drivers/flash/libdrivers__flash.a(flash_stm32.c.obj)
 .text.flash_stm32_wait_flash_idle
                0x08015d9c       0x6c zephyr/drivers/flash/libdrivers__flash.a(flash_stm32.c.obj)
                0x08015d9c                flash_stm32_wait_flash_idle
 .text.flash_stm32_cr_lock
                0x08015e08       0x44 zephyr/drivers/flash/libdrivers__flash.a(flash_stm32.c.obj)
                0x08015e08                flash_stm32_cr_lock
 .text.flash_stm32_erase
                0x08015e4c       0x44 zephyr/drivers/flash/libdrivers__flash.a(flash_stm32.c.obj)
 .text.flash_stm32_write
                0x08015e90       0x78 zephyr/drivers/flash/libdrivers__flash.a(flash_stm32.c.obj)
 .text.flash_stm32_write_range
                0x08015f08       0x98 zephyr/drivers/flash/libdrivers__flash.a(flash_stm32l4x.c.obj)
                0x08015f08                flash_stm32_write_range
 .text.flash_stm32_page_layout
                0x08015fa0       0x38 zephyr/drivers/flash/libdrivers__flash.a(flash_stm32l4x.c.obj)
                0x08015fa0                flash_stm32_page_layout
 .text.gpio_stm32_pin_interrupt_configure
                0x08015fd8       0xac zephyr/drivers/gpio/libdrivers__gpio.a(gpio_stm32.c.obj)
 .text.ds18b20_channel_get
                0x08016084       0x5c zephyr/drivers/sensor/maxim/ds18b20/libdrivers__sensor__maxim__ds18b20.a(ds18b20.c.obj)
 .text.ds18b20_read_scratchpad.part.0
                0x080160e0       0x64 zephyr/drivers/sensor/maxim/ds18b20/libdrivers__sensor__maxim__ds18b20.a(ds18b20.c.obj)
 .text.ds18b20_sample_fetch
                0x08016144      0x1c0 zephyr/drivers/sensor/maxim/ds18b20/libdrivers__sensor__maxim__ds18b20.a(ds18b20.c.obj)
 .text.z_impl_gpio_pin_interrupt_configure
                0x08016304       0x38 zephyr/drivers/sensor/hc_sr04/libdrivers__sensor__hc_sr04.a(hc_sr04.c.obj)
 .text.hcsr04_channel_get
                0x0801633c       0x44 zephyr/drivers/sensor/hc_sr04/libdrivers__sensor__hc_sr04.a(hc_sr04.c.obj)
 .text.hcsr04_sample_fetch
                0x08016380       0x84 zephyr/drivers/sensor/hc_sr04/libdrivers__sensor__hc_sr04.a(hc_sr04.c.obj)
 .text.hcsr04_init
                0x08016404      0x14c zephyr/drivers/sensor/hc_sr04/libdrivers__sensor__hc_sr04.a(hc_sr04.c.obj)
 .text.uart_stm32_set_baudrate
                0x08016550       0xa4 zephyr/drivers/serial/libdrivers__serial.a(uart_stm32.c.obj)
 .text.uart_stm32_parameters_set
                0x080165f4      0x144 zephyr/drivers/serial/libdrivers__serial.a(uart_stm32.c.obj)
 .text.uart_stm32_init
                0x08016738      0x19c zephyr/drivers/serial/libdrivers__serial.a(uart_stm32.c.obj)
 .text.uart_stm32_configure
                0x080168d4       0xfc zephyr/drivers/serial/libdrivers__serial.a(uart_stm32.c.obj)
 .text.spi_stm32_get_err
                0x080169d0       0x68 zephyr/drivers/spi/libdrivers__spi.a(spi_stm32.c.obj)
 .text.spi_stm32_init
                0x08016a38       0x6c zephyr/drivers/spi/libdrivers__spi.a(spi_stm32.c.obj)
 .text.spi_stm32_send_next_frame.isra.0
                0x08016aa4       0xb0 zephyr/drivers/spi/libdrivers__spi.a(spi_stm32.c.obj)
 .text.spi_stm32_read_next_frame.isra.0
                0x08016b54       0xa4 zephyr/drivers/spi/libdrivers__spi.a(spi_stm32.c.obj)
 .text.spi_stm32_transceive_sync
                0x08016bf8      0x400 zephyr/drivers/spi/libdrivers__spi.a(spi_stm32.c.obj)
 .text.elapsed  0x08016ff8       0x44 zephyr/drivers/timer/libdrivers__timer.a(cortex_m_systick.c.obj)
 .text.sys_clock_driver_init
                0x0801703c       0x34 zephyr/drivers/timer/libdrivers__timer.a(cortex_m_systick.c.obj)
 .text.sys_clock_isr
                0x08017070       0x6c zephyr/drivers/timer/libdrivers__timer.a(cortex_m_systick.c.obj)
                0x08017070                sys_clock_isr
 .text.sys_clock_set_timeout
                0x080170dc       0xf4 zephyr/drivers/timer/libdrivers__timer.a(cortex_m_systick.c.obj)
                0x080170dc                sys_clock_set_timeout
 .text.sys_clock_elapsed
                0x080171d0       0x3c zephyr/drivers/timer/libdrivers__timer.a(cortex_m_systick.c.obj)
                0x080171d0                sys_clock_elapsed
 .text.sys_clock_cycle_get_32
                0x0801720c       0x28 zephyr/drivers/timer/libdrivers__timer.a(cortex_m_systick.c.obj)
                0x0801720c                sys_clock_cycle_get_32
 .text.w1_gpio_configure
                0x08017234       0x2c zephyr/drivers/w1/libdrivers__w1.a(w1_zephyr_gpio.c.obj)
 .text.w1_gpio_init
                0x08017260       0xe8 zephyr/drivers/w1/libdrivers__w1.a(w1_zephyr_gpio.c.obj)
 .text.CO_new   0x08017348       0xcc modules/canopennodezephyr/lib..__canopennodezephyr.a(CANopen.c.obj)
                0x08017348                CO_new
 .text.CO_CANinit
                0x08017414       0x44 modules/canopennodezephyr/lib..__canopennodezephyr.a(CANopen.c.obj)
                0x08017414                CO_CANinit
 .text.CO_CANopenInit
                0x08017458      0x224 modules/canopennodezephyr/lib..__canopennodezephyr.a(CANopen.c.obj)
                0x08017458                CO_CANopenInit
 .text.CO_delete
                0x0801767c       0x18 modules/canopennodezephyr/lib..__canopennodezephyr.a(CANopen.c.obj)
                0x0801767c                CO_delete
 .text.CO_process
                0x08017694       0xa4 modules/canopennodezephyr/lib..__canopennodezephyr.a(CANopen.c.obj)
                0x08017694                CO_process
 .text.CO_process_SYNC
                0x08017738       0x24 modules/canopennodezephyr/lib..__canopennodezephyr.a(CANopen.c.obj)
                0x08017738                CO_process_SYNC
 .text.CO_ODF_1003
                0x0801775c       0x3c modules/canopennodezephyr/lib..__canopennodezephyr.a(CO_Emergency.c.obj)
 .text.CO_EM_init
                0x08017798       0xf4 modules/canopennodezephyr/lib..__canopennodezephyr.a(CO_Emergency.c.obj)
                0x08017798                CO_EM_init
 .text.CO_HBconsumer_initEntry
                0x0801788c       0x94 modules/canopennodezephyr/lib..__canopennodezephyr.a(CO_HBconsumer.c.obj)
                0x0801788c                CO_HBconsumer_initEntry
 .text.CO_HBconsumer_init
                0x08017920       0x70 modules/canopennodezephyr/lib..__canopennodezephyr.a(CO_HBconsumer.c.obj)
                0x08017920                CO_HBconsumer_init
 .text.CO_ODF_1016
                0x08017990       0x3c modules/canopennodezephyr/lib..__canopennodezephyr.a(CO_HBconsumer.c.obj)
 .text.CO_NMT_init
                0x080179cc       0x70 modules/canopennodezephyr/lib..__canopennodezephyr.a(CO_NMT_Heartbeat.c.obj)
                0x080179cc                CO_NMT_init
 .text.CO_PDOfindMap
                0x08017a3c      0x11c modules/canopennodezephyr/lib..__canopennodezephyr.a(CO_PDO.c.obj)
 .text.CO_ODF_RPDOmap
                0x08017b58       0x9c modules/canopennodezephyr/lib..__canopennodezephyr.a(CO_PDO.c.obj)
 .text.CO_ODF_TPDOmap
                0x08017bf4       0x9c modules/canopennodezephyr/lib..__canopennodezephyr.a(CO_PDO.c.obj)
 .text.CO_RPDOconfigCom
                0x08017c90       0x6c modules/canopennodezephyr/lib..__canopennodezephyr.a(CO_PDO.c.obj)
 .text.CO_ODF_RPDOcom
                0x08017cfc       0xd8 modules/canopennodezephyr/lib..__canopennodezephyr.a(CO_PDO.c.obj)
 .text.CO_TPDOconfigCom
                0x08017dd4       0x58 modules/canopennodezephyr/lib..__canopennodezephyr.a(CO_PDO.c.obj)
 .text.CO_ODF_TPDOcom
                0x08017e2c      0x134 modules/canopennodezephyr/lib..__canopennodezephyr.a(CO_PDO.c.obj)
 .text.CO_RPDO_init
                0x08017f60       0xb0 modules/canopennodezephyr/lib..__canopennodezephyr.a(CO_PDO.c.obj)
                0x08017f60                CO_RPDO_init
 .text.CO_TPDO_init
                0x08018010       0xe4 modules/canopennodezephyr/lib..__canopennodezephyr.a(CO_PDO.c.obj)
                0x08018010                CO_TPDO_init
 .text.CO_SDO_init
                0x080180f4      0x104 modules/canopennodezephyr/lib..__canopennodezephyr.a(CO_SDO.c.obj)
                0x080180f4                CO_SDO_init
 .text.CO_SDO_initTransfer
                0x080181f8       0xbc modules/canopennodezephyr/lib..__canopennodezephyr.a(CO_SDO.c.obj)
                0x080181f8                CO_SDO_initTransfer
 .text.CO_SDO_readOD
                0x080182b4       0x98 modules/canopennodezephyr/lib..__canopennodezephyr.a(CO_SDO.c.obj)
                0x080182b4                CO_SDO_readOD
 .text.CO_SDO_writeOD
                0x0801834c       0x9c modules/canopennodezephyr/lib..__canopennodezephyr.a(CO_SDO.c.obj)
                0x0801834c                CO_SDO_writeOD
 .text.CO_SDO_process
                0x080183e8      0x928 modules/canopennodezephyr/lib..__canopennodezephyr.a(CO_SDO.c.obj)
                0x080183e8                CO_SDO_process
 .text.CO_ODF_1019
                0x08018d10       0x48 modules/canopennodezephyr/lib..__canopennodezephyr.a(CO_SYNC.c.obj)
 .text.CO_ODF_1005
                0x08018d58       0x80 modules/canopennodezephyr/lib..__canopennodezephyr.a(CO_SYNC.c.obj)
 .text.CO_SYNC_init
                0x08018dd8      0x104 modules/canopennodezephyr/lib..__canopennodezephyr.a(CO_SYNC.c.obj)
                0x08018dd8                CO_SYNC_init
 .text.CO_TIME_init
                0x08018edc       0xac modules/canopennodezephyr/lib..__canopennodezephyr.a(CO_TIME.c.obj)
                0x08018edc                CO_TIME_init
 .text.crc16_ccitt
                0x08018f88       0x2c modules/canopennodezephyr/lib..__canopennodezephyr.a(crc16-ccitt.c.obj)
                0x08018f88                crc16_ccitt
 .text.canopen_rx_callback
                0x08018fb4       0x58 modules/canopennodezephyr/lib..__canopennodezephyr.a(CO_driver.c.obj)
 .text.canopen_init
                0x0801900c       0x40 modules/canopennodezephyr/lib..__canopennodezephyr.a(CO_driver.c.obj)
 .text.canopen_tx_callback.part.0
                0x0801904c       0x14 modules/canopennodezephyr/lib..__canopennodezephyr.a(CO_driver.c.obj)
 .text.canopen_tx_callback
                0x08019060       0x20 modules/canopennodezephyr/lib..__canopennodezephyr.a(CO_driver.c.obj)
 .text.canopen_send_lock
                0x08019080       0x14 modules/canopennodezephyr/lib..__canopennodezephyr.a(CO_driver.c.obj)
                0x08019080                canopen_send_lock
 .text.canopen_send_unlock
                0x08019094        0xc modules/canopennodezephyr/lib..__canopennodezephyr.a(CO_driver.c.obj)
                0x08019094                canopen_send_unlock
 .text.canopen_tx_retry
                0x080190a0       0xa4 modules/canopennodezephyr/lib..__canopennodezephyr.a(CO_driver.c.obj)
 .text.canopen_emcy_lock
                0x08019144       0x14 modules/canopennodezephyr/lib..__canopennodezephyr.a(CO_driver.c.obj)
                0x08019144                canopen_emcy_lock
 .text.canopen_emcy_unlock
                0x08019158        0xc modules/canopennodezephyr/lib..__canopennodezephyr.a(CO_driver.c.obj)
                0x08019158                canopen_emcy_unlock
 .text.canopen_od_lock
                0x08019164       0x14 modules/canopennodezephyr/lib..__canopennodezephyr.a(CO_driver.c.obj)
                0x08019164                canopen_od_lock
 .text.canopen_od_unlock
                0x08019178        0xc modules/canopennodezephyr/lib..__canopennodezephyr.a(CO_driver.c.obj)
                0x08019178                canopen_od_unlock
 .text.CO_CANsetConfigurationMode
                0x08019184       0x2c modules/canopennodezephyr/lib..__canopennodezephyr.a(CO_driver.c.obj)
                0x08019184                CO_CANsetConfigurationMode
 .text.CO_CANsetNormalMode
                0x080191b0       0x38 modules/canopennodezephyr/lib..__canopennodezephyr.a(CO_driver.c.obj)
                0x080191b0                CO_CANsetNormalMode
 .text.CO_CANmodule_init
                0x080191e8      0x12c modules/canopennodezephyr/lib..__canopennodezephyr.a(CO_driver.c.obj)
                0x080191e8                CO_CANmodule_init
 .text.CO_CANmodule_disable
                0x08019314       0x38 modules/canopennodezephyr/lib..__canopennodezephyr.a(CO_driver.c.obj)
                0x08019314                CO_CANmodule_disable
 .text.CO_CANrxBufferInit
                0x0801934c       0xb4 modules/canopennodezephyr/lib..__canopennodezephyr.a(CO_driver.c.obj)
                0x0801934c                CO_CANrxBufferInit
 .text.CO_CANtxBufferInit
                0x08019400       0x58 modules/canopennodezephyr/lib..__canopennodezephyr.a(CO_driver.c.obj)
                0x08019400                CO_CANtxBufferInit
 .text.CO_CANsend
                0x08019458       0xcc modules/canopennodezephyr/lib..__canopennodezephyr.a(CO_driver.c.obj)
                0x08019458                CO_CANsend
 .text.CO_CANverifyErrors
                0x08019524       0xec modules/canopennodezephyr/lib..__canopennodezephyr.a(CO_driver.c.obj)
                0x08019524                CO_CANverifyErrors
 .text.sync_timer_expiry
                0x08019610        0xc modules/canopennodezephyr/lib..__canopennodezephyr.a(canopen_sync.c.obj)
 .text.canopen_odf_1011
                0x0801961c       0x74 modules/canopennodezephyr/lib..__canopennodezephyr.a(canopen_storage.c.obj)
 .text.canopen_settings_set
                0x08019690       0xe8 modules/canopennodezephyr/lib..__canopennodezephyr.a(canopen_storage.c.obj)
 .text.canopen_storage_attach
                0x08019778       0x68 modules/canopennodezephyr/lib..__canopennodezephyr.a(canopen_storage.c.obj)
                0x08019778                canopen_storage_attach
 .text.canopen_storage_save
                0x080197e0       0x30 modules/canopennodezephyr/lib..__canopennodezephyr.a(canopen_storage.c.obj)
                0x080197e0                canopen_storage_save
 .text.canopen_odf_1010
                0x08019810       0x6c modules/canopennodezephyr/lib..__canopennodezephyr.a(canopen_storage.c.obj)
 .text.canopen_leds_update
                0x0801987c       0x64 modules/canopennodezephyr/lib..__canopennodezephyr.a(canopen_leds.c.obj)
 .text.canopen_leds_init
                0x080198e0       0x74 modules/canopennodezephyr/lib..__canopennodezephyr.a(canopen_leds.c.obj)
                0x080198e0                canopen_leds_init
 .text.canopen_leds_program_download
                0x08019954       0x10 modules/canopennodezephyr/lib..__canopennodezephyr.a(canopen_leds.c.obj)
                0x08019954                canopen_leds_program_download
 .text.canopen_program_get_status
                0x08019964       0x18 modules/canopennodezephyr/lib..__canopennodezephyr.a(canopen_program.c.obj)
 .text.canopen_odf_1f57
                0x0801997c       0x30 modules/canopennodezephyr/lib..__canopennodezephyr.a(canopen_program.c.obj)
 .text.canopen_odf_1f50
                0x080199ac       0xfc modules/canopennodezephyr/lib..__canopennodezephyr.a(canopen_program.c.obj)
 .text.canopen_odf_1f51
                0x08019aa8      0x100 modules/canopennodezephyr/lib..__canopennodezephyr.a(canopen_program.c.obj)
 .text.canopen_odf_1f56
                0x08019ba8      0x118 modules/canopennodezephyr/lib..__canopennodezephyr.a(canopen_program.c.obj)
 .text.canopen_program_download_attach
                0x08019cc0       0x74 modules/canopennodezephyr/lib..__canopennodezephyr.a(canopen_program.c.obj)
                0x08019cc0                canopen_program_download_attach
 .text.HAL_RCC_GetSysClockFreq
                0x08019d34       0x94 modules/hal_stm32/stm32cube/lib..__modules__hal__stm32__stm32cube.a(stm32l4xx_hal_rcc.c.obj)
                0x08019d34                HAL_RCC_GetSysClockFreq
 .text.LL_SetFlashLatency
                0x08019dc8       0xac modules/hal_stm32/stm32cube/lib..__modules__hal__stm32__stm32cube.a(stm32l4xx_ll_utils.c.obj)
                0x08019dc8                LL_SetFlashLatency
 .text.boot_write_magic
                0x08019e74       0x44 modules/mcuboot/libmcuboot_util.a(bootutil_public.c.obj)
                0x08019e74                boot_write_magic
 .text.boot_read_swap_state
                0x08019eb8       0xac modules/mcuboot/libmcuboot_util.a(bootutil_public.c.obj)
                0x08019eb8                boot_read_swap_state
 .text.boot_swap_type_multi
                0x08019f64      0x11c modules/mcuboot/libmcuboot_util.a(bootutil_public.c.obj)
                0x08019f64                boot_swap_type_multi
 .text.boot_set_pending_multi
                0x0801a080       0x38 modules/mcuboot/libmcuboot_util.a(bootutil_public.c.obj)
                0x0801a080                boot_set_pending_multi
 .text.z_impl_device_get_binding
                0x0801a0b8       0x48 zephyr/kernel/libkernel.a(device.c.obj)
                0x0801a0b8                z_impl_device_get_binding
 .text.k_sys_fatal_error_handler
                0x0801a100       0x20 zephyr/kernel/libkernel.a(fatal.c.obj)
                0x0801a100                k_sys_fatal_error_handler
 .text.z_fatal_error
                0x0801a120       0xec zephyr/kernel/libkernel.a(fatal.c.obj)
                0x0801a120                z_fatal_error
 .text.z_sys_init_run_level
                0x0801a20c       0x30 zephyr/kernel/libkernel.a(init.c.obj)
 .text.bg_thread_main
                0x0801a23c       0xc0 zephyr/kernel/libkernel.a(init.c.obj)
 .text.z_init_cpu
                0x0801a2fc       0x70 zephyr/kernel/libkernel.a(init.c.obj)
                0x0801a2fc                z_init_cpu
 .text.z_cstart
                0x0801a36c       0xd0 zephyr/kernel/libkernel.a(init.c.obj)
                0x0801a36c                z_cstart
 .text.z_impl_k_mutex_lock
                0x0801a43c       0xe4 zephyr/kernel/libkernel.a(mutex.c.obj)
                0x0801a43c                z_impl_k_mutex_lock
 .text.z_impl_k_mutex_unlock
                0x0801a520       0xa0 zephyr/kernel/libkernel.a(mutex.c.obj)
                0x0801a520                z_impl_k_mutex_unlock
 .text.z_impl_k_sem_give
                0x0801a5c0       0x68 zephyr/kernel/libkernel.a(sem.c.obj)
                0x0801a5c0                z_impl_k_sem_give
 .text.z_impl_k_sem_take
                0x0801a628       0x4c zephyr/kernel/libkernel.a(sem.c.obj)
                0x0801a628                z_impl_k_sem_take
 .text.work_queue_main
                0x0801a674      0x160 zephyr/kernel/libkernel.a(work.c.obj)
 .text.submit_to_queue_locked
                0x0801a7d4       0xa4 zephyr/kernel/libkernel.a(work.c.obj)
 .text.k_work_queue_start
                0x0801a878       0x80 zephyr/kernel/libkernel.a(work.c.obj)
                0x0801a878                k_work_queue_start
 .text.z_setup_new_thread
                0x0801a8f8       0x98 zephyr/kernel/libkernel.a(thread.c.obj)
                0x0801a8f8                z_setup_new_thread
 .text.z_impl_k_thread_create
                0x0801a990       0x58 zephyr/kernel/libkernel.a(thread.c.obj)
                0x0801a990                z_impl_k_thread_create
 .text.z_dummy_thread_init
                0x0801a9e8       0x18 zephyr/kernel/libkernel.a(thread.c.obj)
                0x0801a9e8                z_dummy_thread_init
 .text.z_swap_irqlock
                0x0801aa00       0x30 zephyr/kernel/libkernel.a(sched.c.obj)
 .text.ready_thread
                0x0801aa30       0x80 zephyr/kernel/libkernel.a(sched.c.obj)
 .text.unready_thread
                0x0801aab0       0x54 zephyr/kernel/libkernel.a(sched.c.obj)
 .text.add_thread_timeout
                0x0801ab04       0x1c zephyr/kernel/libkernel.a(sched.c.obj)
 .text.reschedule.isra.0
                0x0801ab20       0x28 zephyr/kernel/libkernel.a(sched.c.obj)
 .text.move_current_to_end_of_prio_q
                0x0801ab48       0x6c zephyr/kernel/libkernel.a(sched.c.obj)
                0x0801ab48                move_current_to_end_of_prio_q
 .text.z_pend_curr
                0x0801abb4       0x44 zephyr/kernel/libkernel.a(sched.c.obj)
                0x0801abb4                z_pend_curr
 .text.z_thread_prio_set
                0x0801abf8       0xd8 zephyr/kernel/libkernel.a(sched.c.obj)
                0x0801abf8                z_thread_prio_set
 .text.z_reschedule_irqlock
                0x0801acd0       0x28 zephyr/kernel/libkernel.a(sched.c.obj)
                0x0801acd0                z_reschedule_irqlock
 .text.k_sched_lock
                0x0801acf8       0x28 zephyr/kernel/libkernel.a(sched.c.obj)
                0x0801acf8                k_sched_lock
 .text.k_sched_unlock
                0x0801ad20       0x54 zephyr/kernel/libkernel.a(sched.c.obj)
                0x0801ad20                k_sched_unlock
 .text.z_sched_init
                0x0801ad74       0x10 zephyr/kernel/libkernel.a(sched.c.obj)
                0x0801ad74                z_sched_init
 .text.z_impl_k_yield
                0x0801ad84       0x84 zephyr/kernel/libkernel.a(sched.c.obj)
                0x0801ad84                z_impl_k_yield
 .text.z_tick_sleep
                0x0801ae08       0x78 zephyr/kernel/libkernel.a(sched.c.obj)
 .text.z_impl_k_sched_current_thread_query
                0x0801ae80        0xc zephyr/kernel/libkernel.a(sched.c.obj)
                0x0801ae80                z_impl_k_sched_current_thread_query
 .text.z_thread_abort
                0x0801ae8c      0x13c zephyr/kernel/libkernel.a(sched.c.obj)
                0x0801ae8c                z_thread_abort
 .text.z_sched_wait
                0x0801afc8       0x24 zephyr/kernel/libkernel.a(sched.c.obj)
                0x0801afc8                z_sched_wait
 .text.z_time_slice_size
                0x0801afec       0x40 zephyr/kernel/libkernel.a(timeslicing.c.obj)
 .text.slice_timeout
                0x0801b02c       0x20 zephyr/kernel/libkernel.a(timeslicing.c.obj)
 .text.z_reset_time_slice
                0x0801b04c       0x44 zephyr/kernel/libkernel.a(timeslicing.c.obj)
                0x0801b04c                z_reset_time_slice
 .text.z_time_slice
                0x0801b090       0x5c zephyr/kernel/libkernel.a(timeslicing.c.obj)
                0x0801b090                z_time_slice
 .text.first    0x0801b0ec       0x10 zephyr/kernel/libkernel.a(timeout.c.obj)
 .text.elapsed  0x0801b0fc       0x14 zephyr/kernel/libkernel.a(timeout.c.obj)
 .text.remove_timeout
                0x0801b110       0x38 zephyr/kernel/libkernel.a(timeout.c.obj)
 .text.z_add_timeout
                0x0801b148      0x120 zephyr/kernel/libkernel.a(timeout.c.obj)
                0x0801b148                z_add_timeout
 .text.sys_clock_announce_locked
                0x0801b268       0xb8 zephyr/kernel/libkernel.a(timeout.c.obj)
                0x0801b268                sys_clock_announce_locked
 .text.sys_clock_tick_get
                0x0801b320       0x30 zephyr/kernel/libkernel.a(timeout.c.obj)
                0x0801b320                sys_clock_tick_get
 .text.z_timer_expiration_handler
                0x0801b350      0x108 zephyr/kernel/libkernel.a(timer.c.obj)
                0x0801b350                z_timer_expiration_handler
 .text.z_impl_k_timer_start
                0x0801b458       0x70 zephyr/kernel/libkernel.a(timer.c.obj)
                0x0801b458                z_impl_k_timer_start
 .text.z_impl_k_timer_stop
                0x0801b4c8       0x60 zephyr/kernel/libkernel.a(timer.c.obj)
                0x0801b4c8                z_impl_k_timer_stop
 .text.boot_banner
                0x0801b528        0xc zephyr/kernel/libkernel.a(banner.c.obj)
                0x0801b528                boot_banner
 .text.statics_init
                0x0801b534       0x24 zephyr/kernel/libkernel.a(kheap.c.obj)
 .text.k_sys_work_q_init
                0x0801b558       0x2c zephyr/kernel/libkernel.a(system_work_q.c.obj)
 .text.snprintf
                0x0801b584       0x54 /opt/zephyr-sdk-1.0.1/gnu/arm-zephyr-eabi/bin/../lib/gcc/arm-zephyr-eabi/14.3.0/../../../../arm-zephyr-eabi/lib/thumb/v7e-m/nofp/space/libc.a(libc_tinystdio_snprintf.c.o)
                0x0801b584                snprintf
 .text.__l_vfprintf
                0x0801b5d8      0x488 /opt/zephyr-sdk-1.0.1/gnu/arm-zephyr-eabi/bin/../lib/gcc/arm-zephyr-eabi/14.3.0/../../../../arm-zephyr-eabi/lib/thumb/v7e-m/nofp/space/libc.a(libc_tinystdio_vflprintf.c.o)
                0x0801b5d8                __l_vfprintf
 .text._OffsetAbsSyms
                0x0801ba60        0x2 zephyr/CMakeFiles/offsets.dir/./arch/arm/core/offsets/offsets.c.obj
                0x0801ba60                _OffsetAbsSyms
 .text.gpio_pin_set_dt
                0x0801ba62       0x28 app/libapp.a(main.c.obj)
 .text.led_callback
                0x0801ba8a       0x12 app/libapp.a(main.c.obj)
 .text.device_is_ready
                0x0801ba9c        0x4 app/libapp.a(main.c.obj)
 .text.z_log_msg_simple_create_1
                0x0801baa0        0x4 app/libapp.a(main.c.obj)
 .text.z_log_msg_simple_create_0
                0x0801baa4        0x4 app/libapp.a(main.c.obj)
 .text.gpio_pin_configure_dt.constprop.0
                0x0801baa8       0x34 app/libapp.a(main.c.obj)
 .text.sys_get_be64
                0x0801badc        0xa app/libapp.a(main.c.obj)
 .text.odf_2102
                0x0801bae6       0x14 app/libapp.a(main.c.obj)
 .text.odf_2107
                0x0801bafa       0x14 app/libapp.a(main.c.obj)
 .text.odf_2110
                0x0801bb0e       0x14 app/libapp.a(main.c.obj)
 .text.chunk_size
                0x0801bb22        0xa zephyr/libzephyr.a(heap.c.obj)
 .text.free_list_add
                0x0801bb2c       0x4e zephyr/libzephyr.a(heap.c.obj)
 .text.sys_heap_init
                0x0801bb7a       0x82 zephyr/libzephyr.a(heap.c.obj)
                0x0801bb7a                sys_heap_init
 .text.cbpprintf_external
                0x0801bbfc       0x62 zephyr/libzephyr.a(cbprintf_packaged.c.obj)
                0x0801bbfc                cbpprintf_external
 .text.is_ptr   0x0801bc5e       0x3a zephyr/libzephyr.a(cbprintf_packaged.c.obj)
                0x0801bc5e                is_ptr
 .text.arch_printk_char_out
                0x0801bc98        0x4 zephyr/libzephyr.a(printk.c.obj)
                0x0801bc98                arch_printk_char_out
 .text.printk   0x0801bc9c       0x1a zephyr/libzephyr.a(printk.c.obj)
                0x0801bc9c                printk
 .text.free_space
                0x0801bcb6       0x26 zephyr/libzephyr.a(mpsc_pbuf.c.obj)
 .text.get_usage
                0x0801bcdc       0x22 zephyr/libzephyr.a(mpsc_pbuf.c.obj)
 .text.idx_inc  0x0801bcfe       0x1c zephyr/libzephyr.a(mpsc_pbuf.c.obj)
 .text.rd_idx_inc
                0x0801bd1a       0x18 zephyr/libzephyr.a(mpsc_pbuf.c.obj)
 .text.add_skip_item
                0x0801bd32       0x3a zephyr/libzephyr.a(mpsc_pbuf.c.obj)
 .text.drop_item_locked
                0x0801bd6c       0xfa zephyr/libzephyr.a(mpsc_pbuf.c.obj)
 .text.post_drop_action
                0x0801be66       0x36 zephyr/libzephyr.a(mpsc_pbuf.c.obj)
 .text.max_utilization_update
                0x0801be9c       0x1a zephyr/libzephyr.a(mpsc_pbuf.c.obj)
 .text.mpsc_pbuf_init
                0x0801beb6       0x42 zephyr/libzephyr.a(mpsc_pbuf.c.obj)
                0x0801beb6                mpsc_pbuf_init
 .text.mpsc_pbuf_alloc
                0x0801bef8       0xfa zephyr/libzephyr.a(mpsc_pbuf.c.obj)
                0x0801bef8                mpsc_pbuf_alloc
 .text.mpsc_pbuf_commit
                0x0801bff2       0x3e zephyr/libzephyr.a(mpsc_pbuf.c.obj)
                0x0801bff2                mpsc_pbuf_commit
 .text.mpsc_pbuf_claim
                0x0801c030       0xb6 zephyr/libzephyr.a(mpsc_pbuf.c.obj)
                0x0801c030                mpsc_pbuf_claim
 .text.mpsc_pbuf_free
                0x0801c0e6       0x76 zephyr/libzephyr.a(mpsc_pbuf.c.obj)
                0x0801c0e6                mpsc_pbuf_free
 .text.mpsc_pbuf_is_pending
                0x0801c15c       0x30 zephyr/libzephyr.a(mpsc_pbuf.c.obj)
                0x0801c15c                mpsc_pbuf_is_pending
 .text._ConfigAbsSyms
                0x0801c18c        0x2 zephyr/libzephyr.a(configs.c.obj)
                0x0801c18c                _ConfigAbsSyms
 .text.stm32_gpioport_configure_pin
                0x0801c18e      0x10a zephyr/libzephyr.a(gpioport_mgr.c.obj)
                0x0801c18e                stm32_gpioport_configure_pin
 .text.flash_write
                0x0801c298        0xc zephyr/libzephyr.a(nvs.c.obj)
 .text.nvs_flash_rd
                0x0801c2a4       0x1c zephyr/libzephyr.a(nvs.c.obj)
 .text.nvs_flash_cmp_const
                0x0801c2c0       0x56 zephyr/libzephyr.a(nvs.c.obj)
 .text.nvs_sector_advance
                0x0801c316       0x1a zephyr/libzephyr.a(nvs.c.obj)
 .text.z_log_msg_simple_create_0
                0x0801c330        0x4 zephyr/libzephyr.a(nvs.c.obj)
 .text.nvs_flash_erase_sector
                0x0801c334       0x32 zephyr/libzephyr.a(nvs.c.obj)
 .text.nvs_ate_crc8_update
                0x0801c366       0x12 zephyr/libzephyr.a(nvs.c.obj)
 .text.nvs_flash_al_wrt_streams
                0x0801c378      0x116 zephyr/libzephyr.a(nvs.c.obj)
 .text.nvs_ate_valid.isra.0
                0x0801c48e       0x28 zephyr/libzephyr.a(nvs.c.obj)
 .text.nvs_al_size.isra.0
                0x0801c4b6       0x14 zephyr/libzephyr.a(nvs.c.obj)
 .text.nvs_flash_data_al_wrt.isra.0
                0x0801c4ca       0x2a zephyr/libzephyr.a(nvs.c.obj)
 .text.nvs_flash_ate_wrt
                0x0801c4f4       0x3a zephyr/libzephyr.a(nvs.c.obj)
 .text.nvs_add_gc_done_ate
                0x0801c52e       0x2e zephyr/libzephyr.a(nvs.c.obj)
 .text.nvs_close_ate_valid
                0x0801c55c       0x46 zephyr/libzephyr.a(nvs.c.obj)
 .text.nvs_prev_ate
                0x0801c5a2       0x94 zephyr/libzephyr.a(nvs.c.obj)
 .text.nvs_gc   0x0801c636      0x280 zephyr/libzephyr.a(nvs.c.obj)
 .text.nvs_delete
                0x0801c8b6        0x8 zephyr/libzephyr.a(nvs.c.obj)
                0x0801c8b6                nvs_delete
 .text.nvs_read
                0x0801c8be        0xe zephyr/libzephyr.a(nvs.c.obj)
                0x0801c8be                nvs_read
 .text.log_msg_generic_get_wlen
                0x0801c8cc       0x20 zephyr/libzephyr.a(log_core.c.obj)
 .text.dummy_timestamp
                0x0801c8ec        0x4 zephyr/libzephyr.a(log_core.c.obj)
 .text.atomic_inc
                0x0801c8f0       0x1a zephyr/libzephyr.a(log_core.c.obj)
 .text.default_lf_get_timestamp
                0x0801c90a       0x10 zephyr/libzephyr.a(log_core.c.obj)
 .text.z_log_vprintk
                0x0801c91a       0x1c zephyr/libzephyr.a(log_core.c.obj)
                0x0801c91a                z_log_vprintk
 .text.z_log_notify_drop
                0x0801c936        0x6 zephyr/libzephyr.a(log_core.c.obj)
 .text.z_log_get_tag
                0x0801c93c        0x4 zephyr/libzephyr.a(log_core.c.obj)
                0x0801c93c                z_log_get_tag
 .text.log_backend_enable
                0x0801c940       0x12 zephyr/libzephyr.a(log_mgmt.c.obj)
                0x0801c940                log_backend_enable
 .text.z_cbprintf_cpy
                0x0801c952       0x2e zephyr/libzephyr.a(log_msg.c.obj)
 .text.z_log_msg_finalize
                0x0801c980       0x32 zephyr/libzephyr.a(log_msg.c.obj)
                0x0801c980                z_log_msg_finalize
 .text.z_log_msg_simple_create
                0x0801c9b2       0x6e zephyr/libzephyr.a(log_msg.c.obj)
 .text.z_impl_z_log_msg_simple_create_0
                0x0801ca20       0x12 zephyr/libzephyr.a(log_msg.c.obj)
                0x0801ca20                z_impl_z_log_msg_simple_create_0
 .text.z_impl_z_log_msg_simple_create_1
                0x0801ca32       0x14 zephyr/libzephyr.a(log_msg.c.obj)
                0x0801ca32                z_impl_z_log_msg_simple_create_1
 .text.z_impl_z_log_msg_simple_create_2
                0x0801ca46       0x18 zephyr/libzephyr.a(log_msg.c.obj)
                0x0801ca46                z_impl_z_log_msg_simple_create_2
 .text.log_output_write
                0x0801ca5e       0x1c zephyr/libzephyr.a(log_output.c.obj)
 .text.log_output_flush
                0x0801ca7a       0x1a zephyr/libzephyr.a(log_output.c.obj)
 .text.out_func
                0x0801ca94       0x36 zephyr/libzephyr.a(log_output.c.obj)
 .text.cr_out_func
                0x0801caca       0x1c zephyr/libzephyr.a(log_output.c.obj)
 .text.log_output_msg_process
                0x0801cae6       0x6c zephyr/libzephyr.a(log_output.c.obj)
                0x0801cae6                log_output_msg_process
 .text.format_set
                0x0801cb52        0xc zephyr/libzephyr.a(log_backend_uart.c.obj)
 .text.log_backend_uart_init
                0x0801cb5e        0xc zephyr/libzephyr.a(log_backend_uart.c.obj)
 .text.panic    0x0801cb6a       0x32 zephyr/libzephyr.a(log_backend_uart.c.obj)
 .text.dropped  0x0801cb9c        0xa zephyr/libzephyr.a(log_backend_uart.c.obj)
 .text.process  0x0801cba6       0x1e zephyr/libzephyr.a(log_backend_uart.c.obj)
 .text.is_in_flash_area_bounds
                0x0801cbc4       0x1a zephyr/libzephyr.a(flash_map.c.obj)
 .text.flash_area_close
                0x0801cbde        0x2 zephyr/libzephyr.a(flash_map.c.obj)
                0x0801cbde                flash_area_close
 .text.flash_area_read
                0x0801cbe0       0x2a zephyr/libzephyr.a(flash_map.c.obj)
                0x0801cbe0                flash_area_read
 .text.flash_area_write
                0x0801cc0a       0x2a zephyr/libzephyr.a(flash_map.c.obj)
                0x0801cc0a                flash_area_write
 .text.flash_area_erase
                0x0801cc34       0x2a zephyr/libzephyr.a(flash_map.c.obj)
                0x0801cc34                flash_area_erase
 .text.flash_area_flatten
                0x0801cc5e       0x20 zephyr/libzephyr.a(flash_map.c.obj)
                0x0801cc5e                flash_area_flatten
 .text.flash_area_align
                0x0801cc7e        0xe zephyr/libzephyr.a(flash_map.c.obj)
                0x0801cc7e                flash_area_align
 .text.flash_area_get_device
                0x0801cc8c        0x4 zephyr/libzephyr.a(flash_map.c.obj)
                0x0801cc8c                flash_area_get_device
 .text.flash_area_erased_val
                0x0801cc90        0xe zephyr/libzephyr.a(flash_map.c.obj)
                0x0801cc90                flash_area_erased_val
 .text.get_sectors_cb
                0x0801cc9e       0x44 zephyr/libzephyr.a(flash_map_layout.c.obj)
 .text.flash_area_get_sectors
                0x0801cce2       0x32 zephyr/libzephyr.a(flash_map_layout.c.obj)
                0x0801cce2                flash_area_get_sectors
 .text.find_flash_total_size
                0x0801cd14       0x1e zephyr/libzephyr.a(stream_flash.c.obj)
 .text.stream_flash_buffered_write
                0x0801cd32       0x88 zephyr/libzephyr.a(stream_flash.c.obj)
                0x0801cd32                stream_flash_buffered_write
 .text.stream_flash_bytes_written
                0x0801cdba        0x4 zephyr/libzephyr.a(stream_flash.c.obj)
                0x0801cdba                stream_flash_bytes_written
 .text.flash_img_buffered_write
                0x0801cdbe       0x24 zephyr/libzephyr.a(flash_img.c.obj)
                0x0801cdbe                flash_img_buffered_write
 .text.flash_img_bytes_written
                0x0801cde2        0x8 zephyr/libzephyr.a(flash_img.c.obj)
                0x0801cde2                flash_img_bytes_written
 .text.flash_img_init
                0x0801cdea        0x6 zephyr/libzephyr.a(flash_img.c.obj)
                0x0801cdea                flash_img_init
 .text.settings_load
                0x0801cdf0        0x6 zephyr/libzephyr.a(settings_store.c.obj)
                0x0801cdf0                settings_load
 .text.settings_delete
                0x0801cdf6        0x8 zephyr/libzephyr.a(settings_store.c.obj)
                0x0801cdf6                settings_delete
 .text.settings_name_steq
                0x0801cdfe       0x48 zephyr/libzephyr.a(settings.c.obj)
                0x0801cdfe                settings_name_steq
 .text.settings_name_next
                0x0801ce46       0x24 zephyr/libzephyr.a(settings.c.obj)
                0x0801ce46                settings_name_next
 .text.settings_nvs_storage_get
                0x0801ce6a        0x4 zephyr/libzephyr.a(settings_nvs.c.obj)
 .text.settings_nvs_read_fn
                0x0801ce6e       0x18 zephyr/libzephyr.a(settings_nvs.c.obj)
 .text.settings_nvs_save
                0x0801ce86      0x114 zephyr/libzephyr.a(settings_nvs.c.obj)
 .text.settings_nvs_backend_init
                0x0801cf9a       0x46 zephyr/libzephyr.a(settings_nvs.c.obj)
                0x0801cf9a                settings_nvs_backend_init
 .text.z_impl_flash_flatten
                0x0801cfe0       0x28 zephyr/libzephyr.a(flash_util.c.obj)
                0x0801cfe0                z_impl_flash_flatten
 .text.arch_early_memset
                0x0801d008        0x4 zephyr/arch/common/libarch__common.a(init.c.obj)
                0x0801d008                arch_early_memset
 .text.arch_early_memcpy
                0x0801d00c        0x4 zephyr/arch/common/libarch__common.a(init.c.obj)
                0x0801d00c                arch_early_memcpy
 .text.z_do_kernel_oops
                0x0801d010        0x8 zephyr/arch/arch/arm/core/libarch__arm__core.a(fatal.c.obj)
                0x0801d010                z_do_kernel_oops
 .text.z_arm_nmi
                0x0801d018        0xe zephyr/arch/arch/arm/core/libarch__arm__core.a(nmi.c.obj)
                0x0801d018                z_arm_nmi
 .text.z_log_msg_simple_create_0.constprop.0
                0x0801d026        0x8 zephyr/arch/arch/arm/core/cortex_m/libarch__arm__core__cortex_m.a(fault.c.obj)
 .text.z_irq_spurious
                0x0801d02e        0x8 zephyr/arch/arch/arm/core/cortex_m/libarch__arm__core__cortex_m.a(irq_manage.c.obj)
                0x0801d02e                z_irq_spurious
 .text.arch_coprocessors_disable
                0x0801d036        0x6 zephyr/arch/arch/arm/core/cortex_m/libarch__arm__core__cortex_m.a(thread.c.obj)
                0x0801d036                arch_coprocessors_disable
 .text.arch_irq_unlock_outlined
                0x0801d03c        0xe zephyr/arch/arch/arm/core/cortex_m/libarch__arm__core__cortex_m.a(thread.c.obj)
                0x0801d03c                arch_irq_unlock_outlined
 .text.arch_cpu_idle
                0x0801d04a       0x1a zephyr/arch/arch/arm/core/cortex_m/libarch__arm__core__cortex_m.a(cpu_idle.c.obj)
                0x0801d04a                arch_cpu_idle
 .text.size_to_mpu_rasr_size
                0x0801d064       0x20 zephyr/arch/arch/arm/core/mpu/libarch__arm__core__mpu.a(arm_mpu.c.obj)
 .text.__assert_no_args
                0x0801d084        0x6 zephyr/lib/libc/picolibc/liblib__libc__picolibc.a(assert.c.obj)
                0x0801d084                __assert_no_args
 .text.cbputc   0x0801d08a        0xc zephyr/lib/libc/picolibc/liblib__libc__picolibc.a(cbprintf.c.obj)
 .text.picolibc_put
                0x0801d096        0xa zephyr/lib/libc/picolibc/liblib__libc__picolibc.a(stdio.c.obj)
 .text.crc8     0x0801d0a0       0x3a zephyr/subsys/crc/libsubsys__crc.a(crc8_sw.c.obj)
                0x0801d0a0                crc8
 .text.boot_request_upgrade
                0x0801d0da       0x10 zephyr/subsys/dfu/boot/libsubsys__dfu__boot.a(mcuboot.c.obj)
                0x0801d0da                boot_request_upgrade
 .text.boot_is_img_confirmed
                0x0801d0ea       0x38 zephyr/subsys/dfu/boot/libsubsys__dfu__boot.a(mcuboot.c.obj)
                0x0801d0ea                boot_is_img_confirmed
 .text.boot_write_img_confirmed
                0x0801d122       0x2a zephyr/subsys/dfu/boot/libsubsys__dfu__boot.a(mcuboot.c.obj)
                0x0801d122                boot_write_img_confirmed
 .text.boot_erase_img_bank
                0x0801d14c       0x24 zephyr/subsys/dfu/boot/libsubsys__dfu__boot.a(mcuboot.c.obj)
                0x0801d14c                boot_erase_img_bank
 .text.stm32_exti_gpio_intc_init
                0x0801d170       0x92 zephyr/drivers/interrupt_controller/libdrivers__interrupt_controller.a(intc_gpio_stm32.c.obj)
 .text.stm32_gpio_intc_get_pin_irq_line
                0x0801d202        0xa zephyr/drivers/interrupt_controller/libdrivers__interrupt_controller.a(intc_gpio_stm32.c.obj)
                0x0801d202                stm32_gpio_intc_get_pin_irq_line
 .text.stm32_exti_set_line_src_port
                0x0801d20c       0x38 zephyr/drivers/interrupt_controller/libdrivers__interrupt_controller.a(intc_gpio_stm32.c.obj)
                0x0801d20c                stm32_exti_set_line_src_port
 .text.adc_stm32_isr_18_init
                0x0801d244       0x16 zephyr/drivers/adc/libdrivers__adc.a(adc_stm32.c.obj)
 .text.z_log_msg_simple_create_0.constprop.0
                0x0801d25a        0x8 zephyr/drivers/adc/libdrivers__adc.a(adc_stm32.c.obj)
 .text.adc_stm32_calibration_start.isra.0
                0x0801d262       0x26 zephyr/drivers/adc/libdrivers__adc.a(adc_stm32.c.obj)
 .text.adc_context_start_sampling
                0x0801d288       0x1e zephyr/drivers/adc/libdrivers__adc.a(adc_stm32.c.obj)
 .text.adc_context_on_timer_expired
                0x0801d2a6       0x2e zephyr/drivers/adc/libdrivers__adc.a(adc_stm32.c.obj)
 .text.adc_stm32_enable
                0x0801d2d4       0x3a zephyr/drivers/adc/libdrivers__adc.a(adc_stm32.c.obj)
 .text.adc_stm32_disable
                0x0801d30e       0x44 zephyr/drivers/adc/libdrivers__adc.a(adc_stm32.c.obj)
 .text.adc_stm32_oversampling_scope.isra.0
                0x0801d352       0x2c zephyr/drivers/adc/libdrivers__adc.a(adc_stm32.c.obj)
 .text.can_tx_default_cb
                0x0801d37e        0x8 zephyr/drivers/can/libdrivers__can.a(can_common.c.obj)
 .text.z_impl_can_set_timing
                0x0801d386       0x66 zephyr/drivers/can/libdrivers__can.a(can_common.c.obj)
                0x0801d386                z_impl_can_set_timing
 .text.can_stm32_signal_tx_complete
                0x0801d3ec       0x14 zephyr/drivers/can/libdrivers__can.a(can_stm32_bxcan.c.obj)
 .text.can_stm32_get_state
                0x0801d400       0x42 zephyr/drivers/can/libdrivers__can.a(can_stm32_bxcan.c.obj)
 .text.can_stm32_get_capabilities
                0x0801d442        0x8 zephyr/drivers/can/libdrivers__can.a(can_stm32_bxcan.c.obj)
 .text.can_stm32_get_max_filters
                0x0801d44a        0xa zephyr/drivers/can/libdrivers__can.a(can_stm32_bxcan.c.obj)
 .text.can_stm32_set_state_change_callback
                0x0801d454       0x1e zephyr/drivers/can/libdrivers__can.a(can_stm32_bxcan.c.obj)
 .text.config_can_0_irq
                0x0801d472       0x42 zephyr/drivers/can/libdrivers__can.a(can_stm32_bxcan.c.obj)
 .text.can_stm32_tx_isr_handler
                0x0801d4b4      0x104 zephyr/drivers/can/libdrivers__can.a(can_stm32_bxcan.c.obj)
 .text.can_stm32_tx_isr
                0x0801d5b8        0x4 zephyr/drivers/can/libdrivers__can.a(can_stm32_bxcan.c.obj)
 .text.can_stm32_state_change_isr
                0x0801d5bc       0x4e zephyr/drivers/can/libdrivers__can.a(can_stm32_bxcan.c.obj)
 .text.k_mutex_lock.constprop.0.isra.0
                0x0801d60a        0x4 zephyr/drivers/can/libdrivers__can.a(can_stm32_bxcan.c.obj)
 .text.k_mutex_unlock.isra.0
                0x0801d60e        0x4 zephyr/drivers/can/libdrivers__can.a(can_stm32_bxcan.c.obj)
 .text.stm32_clock_control_on
                0x0801d612       0x44 zephyr/drivers/clock_control/libdrivers__clock_control.a(clock_stm32_ll_common.c.obj)
 .text.stm32_clock_control_off
                0x0801d656       0x2c zephyr/drivers/clock_control/libdrivers__clock_control.a(clock_stm32_ll_common.c.obj)
 .text.enabled_clock
                0x0801d682       0x1e zephyr/drivers/clock_control/libdrivers__clock_control.a(clock_stm32_ll_common.c.obj)
                0x0801d682                enabled_clock
 .text.stm32_clock_control_configure
                0x0801d6a0       0x46 zephyr/drivers/clock_control/libdrivers__clock_control.a(clock_stm32_ll_common.c.obj)
 .text.stm32_clock_control_get_status
                0x0801d6e6       0x38 zephyr/drivers/clock_control/libdrivers__clock_control.a(clock_stm32_ll_common.c.obj)
 .text.config_regulator_voltage
                0x0801d71e        0x2 zephyr/drivers/clock_control/libdrivers__clock_control.a(clock_stm32_ll_common.c.obj)
                0x0801d71e                config_regulator_voltage
 .text.flash_get_page_info
                0x0801d720       0x62 zephyr/drivers/flash/libdrivers__flash.a(flash_page_layout.c.obj)
 .text.z_impl_flash_get_page_info_by_offs
                0x0801d782        0x8 zephyr/drivers/flash/libdrivers__flash.a(flash_page_layout.c.obj)
                0x0801d782                z_impl_flash_get_page_info_by_offs
 .text.flash_page_foreach
                0x0801d78a       0x58 zephyr/drivers/flash/libdrivers__flash.a(flash_page_layout.c.obj)
                0x0801d78a                flash_page_foreach
 .text.spi_nor_pages_layout
                0x0801d7e2        0xc zephyr/drivers/flash/libdrivers__flash.a(spi_nor.c.obj)
 .text.flash_nor_get_size
                0x0801d7ee        0xc zephyr/drivers/flash/libdrivers__flash.a(spi_nor.c.obj)
 .text.release_device.isra.0
                0x0801d7fa        0x4 zephyr/drivers/flash/libdrivers__flash.a(spi_nor.c.obj)
 .text.acquire_device.isra.0
                0x0801d7fe        0xc zephyr/drivers/flash/libdrivers__flash.a(spi_nor.c.obj)
 .text.spi_nor_access
                0x0801d80a       0xa0 zephyr/drivers/flash/libdrivers__flash.a(spi_nor.c.obj)
 .text.spi_nor_rdsr
                0x0801d8aa       0x22 zephyr/drivers/flash/libdrivers__flash.a(spi_nor.c.obj)
 .text.spi_nor_wait_until_ready
                0x0801d8cc       0x3a zephyr/drivers/flash/libdrivers__flash.a(spi_nor.c.obj)
 .text.spi_nor_write
                0x0801d906       0xb6 zephyr/drivers/flash/libdrivers__flash.a(spi_nor.c.obj)
 .text.spi_nor_read
                0x0801d9bc       0x40 zephyr/drivers/flash/libdrivers__flash.a(spi_nor.c.obj)
 .text._flash_stm32_sem_take.isra.0
                0x0801d9fc        0xe zephyr/drivers/flash/libdrivers__flash.a(flash_stm32.c.obj)
 .text.flash_stm32_valid_range
                0x0801da0a       0x38 zephyr/drivers/flash/libdrivers__flash.a(flash_stm32.c.obj)
                0x0801da0a                flash_stm32_valid_range
 .text.flash_stm32_read
                0x0801da42       0x32 zephyr/drivers/flash/libdrivers__flash.a(flash_stm32.c.obj)
 .text.flash_stm32_check_configuration
                0x0801da74        0x4 zephyr/drivers/flash/libdrivers__flash.a(flash_stm32.c.obj)
                0x0801da74                flash_stm32_check_configuration
 .text.flash_stm32_erase.part.0
                0x0801da78       0x70 zephyr/drivers/flash/libdrivers__flash.a(flash_stm32.c.obj)
 .text.flash_stm32_block_erase_loop
                0x0801dae8       0xb6 zephyr/drivers/flash/libdrivers__flash.a(flash_stm32l4x.c.obj)
                0x0801dae8                flash_stm32_block_erase_loop
 .text.gpio_stm32_port_get_raw
                0x0801db9e        0xc zephyr/drivers/gpio/libdrivers__gpio.a(gpio_stm32.c.obj)
 .text.gpio_stm32_port_set_masked_raw
                0x0801dbaa       0x12 zephyr/drivers/gpio/libdrivers__gpio.a(gpio_stm32.c.obj)
 .text.gpio_stm32_port_set_bits_raw
                0x0801dbbc        0xa zephyr/drivers/gpio/libdrivers__gpio.a(gpio_stm32.c.obj)
 .text.gpio_stm32_port_clear_bits_raw
                0x0801dbc6        0xa zephyr/drivers/gpio/libdrivers__gpio.a(gpio_stm32.c.obj)
 .text.gpio_stm32_port_toggle_bits
                0x0801dbd0        0xe zephyr/drivers/gpio/libdrivers__gpio.a(gpio_stm32.c.obj)
 .text.gpio_stm32_manage_callback
                0x0801dbde       0x54 zephyr/drivers/gpio/libdrivers__gpio.a(gpio_stm32.c.obj)
 .text.gpio_stm32_config
                0x0801dc32       0xd2 zephyr/drivers/gpio/libdrivers__gpio.a(gpio_stm32.c.obj)
 .text.gpio_stm32_isr
                0x0801dd04       0x2c zephyr/drivers/gpio/libdrivers__gpio.a(gpio_stm32.c.obj)
 .text.pinctrl_lookup_state
                0x0801dd30       0x26 zephyr/drivers/pinctrl/libdrivers__pinctrl.a(common.c.obj)
                0x0801dd30                pinctrl_lookup_state
 .text.pinctrl_configure_pins
                0x0801dd56       0x80 zephyr/drivers/pinctrl/libdrivers__pinctrl.a(pinctrl_stm32.c.obj)
                0x0801dd56                pinctrl_configure_pins
 .text.reset_stm32_status
                0x0801ddd6       0x20 zephyr/drivers/reset/libdrivers__reset.a(reset_stm32.c.obj)
 .text.reset_stm32_line_assert
                0x0801ddf6       0x1c zephyr/drivers/reset/libdrivers__reset.a(reset_stm32.c.obj)
 .text.reset_stm32_line_deassert
                0x0801de12       0x1e zephyr/drivers/reset/libdrivers__reset.a(reset_stm32.c.obj)
 .text.reset_stm32_line_toggle
                0x0801de30       0x16 zephyr/drivers/reset/libdrivers__reset.a(reset_stm32.c.obj)
 .text.ds18b20_attr_set
                0x0801de46       0x3a zephyr/drivers/sensor/maxim/ds18b20/libdrivers__sensor__maxim__ds18b20.a(ds18b20.c.obj)
                0x0801de46                ds18b20_attr_set
 .text.sys_get_be64
                0x0801de80        0xa zephyr/drivers/sensor/maxim/ds18b20/libdrivers__sensor__maxim__ds18b20.a(ds18b20.c.obj)
 .text.ds18b20_read_scratchpad
                0x0801de8a       0x34 zephyr/drivers/sensor/maxim/ds18b20/libdrivers__sensor__maxim__ds18b20.a(ds18b20.c.obj)
 .text.ds18b20_init
                0x0801debe       0x2a zephyr/drivers/sensor/maxim/ds18b20/libdrivers__sensor__maxim__ds18b20.a(ds18b20.c.obj)
 .text.gpio_pin_configure_dt
                0x0801dee8       0x2a zephyr/drivers/sensor/hc_sr04/libdrivers__sensor__hc_sr04.a(hc_sr04.c.obj)
 .text.gpio_pin_set_dt
                0x0801df12       0x28 zephyr/drivers/sensor/hc_sr04/libdrivers__sensor__hc_sr04.a(hc_sr04.c.obj)
 .text.hcsr04_gpio_callback
                0x0801df3a       0x78 zephyr/drivers/sensor/hc_sr04/libdrivers__sensor__hc_sr04.a(hc_sr04.c.obj)
 .text.uart_stm32_ll2cfg_databits
                0x0801dfb2       0x2a zephyr/drivers/serial/libdrivers__serial.a(uart_stm32.c.obj)
 .text.uart_stm32_err_check
                0x0801dfdc       0x5a zephyr/drivers/serial/libdrivers__serial.a(uart_stm32.c.obj)
 .text.uart_stm32_poll_out
                0x0801e036       0x36 zephyr/drivers/serial/libdrivers__serial.a(uart_stm32.c.obj)
 .text.uart_stm32_poll_in
                0x0801e06c       0x20 zephyr/drivers/serial/libdrivers__serial.a(uart_stm32.c.obj)
 .text.uart_stm32_config_get
                0x0801e08c       0x92 zephyr/drivers/serial/libdrivers__serial.a(uart_stm32.c.obj)
 .text.spi_context_get_next_buf
                0x0801e11e       0x2c zephyr/drivers/spi/libdrivers__spi.a(spi_stm32.c.obj)
 .text.ll_disable_spi
                0x0801e14a       0x1a zephyr/drivers/spi/libdrivers__spi.a(spi_stm32.c.obj)
 .text.spi_stm32_irq_config_func_0
                0x0801e164       0x16 zephyr/drivers/spi/libdrivers__spi.a(spi_stm32.c.obj)
 .text.spi_stm32_pinctrl_apply.isra.0
                0x0801e17a       0x2a zephyr/drivers/spi/libdrivers__spi.a(spi_stm32.c.obj)
 .text.spi_stm32_release
                0x0801e1a4       0x1e zephyr/drivers/spi/libdrivers__spi.a(spi_stm32.c.obj)
 .text.spi_stm32_complete
                0x0801e1c2       0x86 zephyr/drivers/spi/libdrivers__spi.a(spi_stm32.c.obj)
 .text.spi_stm32_isr
                0x0801e248       0xe0 zephyr/drivers/spi/libdrivers__spi.a(spi_stm32.c.obj)
 .text.sys_clock_disable
                0x0801e328        0xe zephyr/drivers/timer/libdrivers__timer.a(cortex_m_systick.c.obj)
                0x0801e328                sys_clock_disable
 .text.z_impl_w1_read_block
                0x0801e336       0x30 zephyr/drivers/w1/libdrivers__w1.a(w1_common.c.obj)
                0x0801e336                z_impl_w1_read_block
 .text.z_impl_w1_write_block
                0x0801e366       0x30 zephyr/drivers/w1/libdrivers__w1.a(w1_common.c.obj)
                0x0801e366                z_impl_w1_write_block
 .text.gpio_pin_get_dt
                0x0801e396       0x2a zephyr/drivers/w1/libdrivers__w1.a(w1_zephyr_gpio.c.obj)
 .text.gpio_pin_set_dt
                0x0801e3c0       0x28 zephyr/drivers/w1/libdrivers__w1.a(w1_zephyr_gpio.c.obj)
 .text.k_busy_wait
                0x0801e3e8        0x4 zephyr/drivers/w1/libdrivers__w1.a(w1_zephyr_gpio.c.obj)
 .text.w1_gpio_write_bit
                0x0801e3ec       0x5a zephyr/drivers/w1/libdrivers__w1.a(w1_zephyr_gpio.c.obj)
 .text.w1_gpio_write_byte
                0x0801e446       0x20 zephyr/drivers/w1/libdrivers__w1.a(w1_zephyr_gpio.c.obj)
 .text.w1_gpio_read_bit
                0x0801e466       0x5c zephyr/drivers/w1/libdrivers__w1.a(w1_zephyr_gpio.c.obj)
 .text.w1_gpio_read_byte
                0x0801e4c2       0x28 zephyr/drivers/w1/libdrivers__w1.a(w1_zephyr_gpio.c.obj)
 .text.w1_gpio_reset_bus
                0x0801e4ea       0x62 zephyr/drivers/w1/libdrivers__w1.a(w1_zephyr_gpio.c.obj)
 .text.w1_reset_bus
                0x0801e54c        0x6 zephyr/drivers/w1/libdrivers__w1.a(w1_net.c.obj)
 .text.w1_write_byte
                0x0801e552        0x6 zephyr/drivers/w1/libdrivers__w1.a(w1_net.c.obj)
 .text.w1_configure.constprop.0
                0x0801e558        0xa zephyr/drivers/w1/libdrivers__w1.a(w1_net.c.obj)
 .text.match_rom
                0x0801e562       0x6a zephyr/drivers/w1/libdrivers__w1.a(w1_net.c.obj)
 .text.skip_rom
                0x0801e5cc       0x5c zephyr/drivers/w1/libdrivers__w1.a(w1_net.c.obj)
 .text.reset_select
                0x0801e628       0x10 zephyr/drivers/w1/libdrivers__w1.a(w1_net.c.obj)
 .text.w1_unlock_bus.isra.0
                0x0801e638       0x10 zephyr/drivers/w1/libdrivers__w1.a(w1_net.c.obj)
 .text.w1_lock_bus.isra.0
                0x0801e648       0x18 zephyr/drivers/w1/libdrivers__w1.a(w1_net.c.obj)
 .text.w1_read_rom
                0x0801e660       0x5a zephyr/drivers/w1/libdrivers__w1.a(w1_net.c.obj)
                0x0801e660                w1_read_rom
 .text.w1_reset_select
                0x0801e6ba       0x1e zephyr/drivers/w1/libdrivers__w1.a(w1_net.c.obj)
                0x0801e6ba                w1_reset_select
 .text.w1_write_read
                0x0801e6d8       0x58 zephyr/drivers/w1/libdrivers__w1.a(w1_net.c.obj)
                0x0801e6d8                w1_write_read
 .text.CO_init  0x0801e730       0x30 modules/canopennodezephyr/lib..__canopennodezephyr.a(CANopen.c.obj)
                0x0801e730                CO_init
 .text.CO_process_RPDO
                0x0801e760       0x1c modules/canopennodezephyr/lib..__canopennodezephyr.a(CANopen.c.obj)
                0x0801e760                CO_process_RPDO
 .text.CO_process_TPDO
                0x0801e77c       0x36 modules/canopennodezephyr/lib..__canopennodezephyr.a(CANopen.c.obj)
                0x0801e77c                CO_process_TPDO
 .text.CO_ODF_1014
                0x0801e7b2       0x1e modules/canopennodezephyr/lib..__canopennodezephyr.a(CO_Emergency.c.obj)
 .text.CO_EM_receive
                0x0801e7d0       0x38 modules/canopennodezephyr/lib..__canopennodezephyr.a(CO_Emergency.c.obj)
 .text.CO_errorReport
                0x0801e808       0x9c modules/canopennodezephyr/lib..__canopennodezephyr.a(CO_Emergency.c.obj)
                0x0801e808                CO_errorReport
 .text.CO_errorReset
                0x0801e8a4       0x90 modules/canopennodezephyr/lib..__canopennodezephyr.a(CO_Emergency.c.obj)
                0x0801e8a4                CO_errorReset
 .text.CO_EM_process
                0x0801e934      0x13c modules/canopennodezephyr/lib..__canopennodezephyr.a(CO_Emergency.c.obj)
                0x0801e934                CO_EM_process
 .text.CO_isError
                0x0801ea70       0x28 modules/canopennodezephyr/lib..__canopennodezephyr.a(CO_Emergency.c.obj)
                0x0801ea70                CO_isError
 .text.CO_HBcons_receive
                0x0801ea98        0xe modules/canopennodezephyr/lib..__canopennodezephyr.a(CO_HBconsumer.c.obj)
 .text.CO_HBconsumer_process
                0x0801eaa6      0x162 modules/canopennodezephyr/lib..__canopennodezephyr.a(CO_HBconsumer.c.obj)
                0x0801eaa6                CO_HBconsumer_process
 .text.CO_NMT_receive
                0x0801ec08       0x5a modules/canopennodezephyr/lib..__canopennodezephyr.a(CO_NMT_Heartbeat.c.obj)
 .text.CO_NMT_blinkingProcess50ms
                0x0801ec62       0xde modules/canopennodezephyr/lib..__canopennodezephyr.a(CO_NMT_Heartbeat.c.obj)
                0x0801ec62                CO_NMT_blinkingProcess50ms
 .text.CO_NMT_process
                0x0801ed40      0x20a modules/canopennodezephyr/lib..__canopennodezephyr.a(CO_NMT_Heartbeat.c.obj)
                0x0801ed40                CO_NMT_process
 .text.CO_NMT_getInternalState
                0x0801ef4a        0x6 modules/canopennodezephyr/lib..__canopennodezephyr.a(CO_NMT_Heartbeat.c.obj)
                0x0801ef4a                CO_NMT_getInternalState
 .text.CO_RPDOconfigMap
                0x0801ef50       0x88 modules/canopennodezephyr/lib..__canopennodezephyr.a(CO_PDO.c.obj)
 .text.CO_TPDOconfigMap
                0x0801efd8       0x82 modules/canopennodezephyr/lib..__canopennodezephyr.a(CO_PDO.c.obj)
 .text.CO_PDO_receive
                0x0801f05a       0x8c modules/canopennodezephyr/lib..__canopennodezephyr.a(CO_PDO.c.obj)
 .text.CO_TPDOisCOS
                0x0801f0e6      0x112 modules/canopennodezephyr/lib..__canopennodezephyr.a(CO_PDO.c.obj)
                0x0801f0e6                CO_TPDOisCOS
 .text.CO_TPDOsend
                0x0801f1f8       0x2a modules/canopennodezephyr/lib..__canopennodezephyr.a(CO_PDO.c.obj)
                0x0801f1f8                CO_TPDOsend
 .text.CO_RPDO_process
                0x0801f222       0x60 modules/canopennodezephyr/lib..__canopennodezephyr.a(CO_PDO.c.obj)
                0x0801f222                CO_RPDO_process
 .text.CO_TPDO_process
                0x0801f282       0xc2 modules/canopennodezephyr/lib..__canopennodezephyr.a(CO_PDO.c.obj)
                0x0801f282                CO_TPDO_process
 .text.CO_SDO_receive_done
                0x0801f344       0x18 modules/canopennodezephyr/lib..__canopennodezephyr.a(CO_SDO.c.obj)
 .text.CO_SDO_receive
                0x0801f35c       0xd2 modules/canopennodezephyr/lib..__canopennodezephyr.a(CO_SDO.c.obj)
 .text.CO_SDO_process_done.isra.0
                0x0801f42e       0x1c modules/canopennodezephyr/lib..__canopennodezephyr.a(CO_SDO.c.obj)
 .text.CO_SDO_abort
                0x0801f44a       0x66 modules/canopennodezephyr/lib..__canopennodezephyr.a(CO_SDO.c.obj)
 .text.CO_memcpy
                0x0801f4b0       0x14 modules/canopennodezephyr/lib..__canopennodezephyr.a(CO_SDO.c.obj)
                0x0801f4b0                CO_memcpy
 .text.CO_memset
                0x0801f4c4        0xe modules/canopennodezephyr/lib..__canopennodezephyr.a(CO_SDO.c.obj)
                0x0801f4c4                CO_memset
 .text.CO_getUint16
                0x0801f4d2       0x16 modules/canopennodezephyr/lib..__canopennodezephyr.a(CO_SDO.c.obj)
                0x0801f4d2                CO_getUint16
 .text.CO_getUint32
                0x0801f4e8       0x20 modules/canopennodezephyr/lib..__canopennodezephyr.a(CO_SDO.c.obj)
                0x0801f4e8                CO_getUint32
 .text.CO_ODF_1200
                0x0801f508       0x30 modules/canopennodezephyr/lib..__canopennodezephyr.a(CO_SDO.c.obj)
 .text.CO_setUint32
                0x0801f538       0x16 modules/canopennodezephyr/lib..__canopennodezephyr.a(CO_SDO.c.obj)
                0x0801f538                CO_setUint32
 .text.CO_memcpySwap2
                0x0801f54e        0xa modules/canopennodezephyr/lib..__canopennodezephyr.a(CO_SDO.c.obj)
                0x0801f54e                CO_memcpySwap2
 .text.CO_memcpySwap4
                0x0801f558       0x12 modules/canopennodezephyr/lib..__canopennodezephyr.a(CO_SDO.c.obj)
                0x0801f558                CO_memcpySwap4
 .text.CO_OD_find
                0x0801f56a       0x5c modules/canopennodezephyr/lib..__canopennodezephyr.a(CO_SDO.c.obj)